#
# There is insufficient memory for the Java Runtime Environment to continue.
# Native memory allocation (malloc) failed to allocate 4575192 bytes. Error detail: Chunk::new
# Possible reasons:
#   The system is out of physical RAM or swap space
#   This process is running with CompressedOops enabled, and the Java Heap may be blocking the growth of the native heap
# Possible solutions:
#   Reduce memory load on the system
#   Increase physical memory or swap space
#   Check if swap backing store is full
#   Decrease Java heap size (-Xmx/-Xms)
#   Decrease number of Java threads
#   Decrease Java thread stack sizes (-Xss)
#   Set larger code cache with -XX:ReservedCodeCacheSize=
#   JVM is running with Zero Based Compressed Oops mode in which the Java heap is
#     placed in the first 32GB address space. The Java Heap base address is the
#     maximum limit for the native heap growth. Please use -XX:HeapBaseMinAddress
#     to set the Java Heap base and to place the Java Heap above 32GB virtual address.
# This output file may be truncated or incomplete.
#
#  Out of Memory Error (arena.cpp:186), pid=3512, tid=3648
#
# JRE version: OpenJDK Runtime Environment (25.0.3) (build 25.0.3+-15898627-b508.16)
# Java VM: OpenJDK 64-Bit Server VM (25.0.3+-15898627-b508.16, mixed mode, tiered, compressed oops, compressed class ptrs, g1 gc, windows-amd64)
# No core dump will be written. Minidumps are not enabled by default on client versions of Windows
#

---------------  S U M M A R Y ------------

Command Line: --add-opens=java.base/java.lang=ALL-UNNAMED --add-opens=java.base/java.lang.invoke=ALL-UNNAMED --add-opens=java.base/java.util=ALL-UNNAMED --add-opens=java.prefs/java.util.prefs=ALL-UNNAMED --add-exports=jdk.compiler/com.sun.tools.javac.api=ALL-UNNAMED --add-exports=jdk.compiler/com.sun.tools.javac.util=ALL-UNNAMED --add-opens=java.base/java.nio.charset=ALL-UNNAMED --add-opens=java.base/java.net=ALL-UNNAMED --add-opens=java.base/java.util.concurrent=ALL-UNNAMED --add-opens=java.base/java.util.concurrent.atomic=ALL-UNNAMED --add-opens=java.xml/javax.xml.namespace=ALL-UNNAMED --add-opens=java.base/java.time=ALL-UNNAMED --enable-native-access=ALL-UNNAMED -Xmx4g -Dfile.encoding=UTF-8 -Duser.country=RU -Duser.language=ru -Duser.variant -javaagent:C:\Users\Maxim\.gradle\wrapper\dists\gradle-9.6.0-bin\42k10rwplmzkhuboz9kdazi7s\gradle-9.6.0\lib\agents\gradle-instrumentation-agent-9.6.0.jar org.gradle.launcher.daemon.bootstrap.GradleDaemon 9.6.0

Host: Intel(R) Core(TM) i7-3770 CPU @ 3.40GHz, 8 cores, 7G,  Windows 11 , 64 bit Build 26100 (10.0.26100.9278)
Time: Fri Oct  9 21:36:37 2026 elapsed time: 22.252073 seconds (0d 0h 0m 22s)

---------------  T H R E A D  ---------------

Current thread (0x0000028e50666ad0):  JavaThread "C2 CompilerThread1" daemon [_thread_in_native, id=3648, stack(0x000000c8cbd00000,0x000000c8cbe00000) (1024K)]


Current CompileTask:
C2:22252 11245       4       org.apache.commons.compress.archivers.zip.ZipArchiveOutputStream::closeArchiveEntry (85 bytes)

Stack: [0x000000c8cbd00000,0x000000c8cbe00000]
Native frames: (J=compiled Java code, j=interpreted, Vv=VM code, C=native code)
V  [jvm.dll+0x7bf039]  (no source info available)
V  [jvm.dll+0x78912d]  (no source info available)
V  [jvm.dll+0xa0e615]  (no source info available)
V  [jvm.dll+0xa10c94]  (no source info available)
V  [jvm.dll+0xa11393]  (no source info available)
V  [jvm.dll+0x30a116]  (no source info available)
V  [jvm.dll+0x10eda9]  (no source info available)
V  [jvm.dll+0x10f0d2]  (no source info available)
V  [jvm.dll+0x1a9b77]  (no source info available)
V  [jvm.dll+0x3bf612]  (no source info available)
V  [jvm.dll+0x7c48b7]  (no source info available)
V  [jvm.dll+0x2ce466]  (no source info available)
V  [jvm.dll+0x2cd641]  (no source info available)
V  [jvm.dll+0x24334a]  (no source info available)
V  [jvm.dll+0x2dd025]  (no source info available)
V  [jvm.dll+0x2db226]  (no source info available)
V  [jvm.dll+0x49c12e]  (no source info available)
V  [jvm.dll+0x9ad738]  (no source info available)
V  [jvm.dll+0x7bd585]  (no source info available)
C  [ucrtbase.dll+0x2cd30]  (no source info available)
C  [KERNEL32.DLL+0x2ccb7]  (no source info available)
C  [ntdll.dll+0xacaec]  (no source info available)

Lock stack of current Java thread (top to bottom):


---------------  P R O C E S S  ---------------

Threads class SMR info:
_java_thread_list=0x0000028e57e7f890, length=46, elements={
0x0000028e339d15e0, 0x0000028e4fea6270, 0x0000028e4fea91a0, 0x0000028e4fea9eb0,
0x0000028e4fed6190, 0x0000028e4fed6d50, 0x0000028e4fed1e60, 0x0000028e4fed5250,
0x0000028e4fedc670, 0x0000028e4fedde90, 0x0000028e50371990, 0x0000028e50666ad0,
0x0000028e56283870, 0x0000028e56a639b0, 0x0000028e574f4f80, 0x0000028e55a2e070,
0x0000028e56c7dcf0, 0x0000028e56c7a640, 0x0000028e56c7ec90, 0x0000028e56c813a0,
0x0000028e56c80400, 0x0000028e56c7e4c0, 0x0000028e56c92660, 0x0000028e56c93600,
0x0000028e56c964e0, 0x0000028e56c993c0, 0x0000028e56c96cb0, 0x0000028e56c97c50,
0x0000028e57c88160, 0x0000028e57c8a0a0, 0x0000028e57c898d0, 0x0000028e57c8bfe0,
0x0000028e57c8cf80, 0x0000028e57c8eec0, 0x0000028e58e62fe0, 0x0000028e58e66690,
0x0000028e58e685d0, 0x0000028e57ef92c0, 0x0000028e57efa260, 0x0000028e57efaa30,
0x0000028e57efb9d0, 0x0000028e57ef9a90, 0x0000028e58e63f80, 0x0000028e58e68da0,
0x0000028e56c93dd0, 0x0000028e564a62f0
}

Java Threads: ( => current thread )
  0x0000028e339d15e0 JavaThread "main"                              [_thread_blocked, id=13892, stack(0x000000c8cab00000,0x000000c8cac00000) (1024K)]
  0x0000028e4fea6270 JavaThread "Common-Cleaner"             daemon [_thread_blocked, id=11524, stack(0x000000c8cb300000,0x000000c8cb400000) (1024K)]
  0x0000028e4fea91a0 JavaThread "Reference Handler"          daemon [_thread_blocked, id=14044, stack(0x000000c8cb400000,0x000000c8cb500000) (1024K)]
  0x0000028e4fea9eb0 JavaThread "Finalizer"                  daemon [_thread_blocked, id=9980, stack(0x000000c8cb500000,0x000000c8cb600000) (1024K)]
  0x0000028e4fed6190 JavaThread "Signal Dispatcher"          daemon [_thread_blocked, id=6784, stack(0x000000c8cb600000,0x000000c8cb700000) (1024K)]
  0x0000028e4fed6d50 JavaThread "Attach Listener"            daemon [_thread_blocked, id=12044, stack(0x000000c8cb700000,0x000000c8cb800000) (1024K)]
  0x0000028e4fed1e60 JavaThread "Service Thread"             daemon [_thread_blocked, id=13936, stack(0x000000c8cb800000,0x000000c8cb900000) (1024K)]
  0x0000028e4fed5250 JavaThread "Monitor Deflation Thread"   daemon [_thread_blocked, id=13120, stack(0x000000c8cb900000,0x000000c8cba00000) (1024K)]
  0x0000028e4fedc670 JavaThread "C2 CompilerThread0"         daemon [_thread_in_native, id=10700, stack(0x000000c8cba00000,0x000000c8cbb00000) (1024K)]
  0x0000028e4fedde90 JavaThread "C1 CompilerThread0"         daemon [_thread_blocked, id=5448, stack(0x000000c8cbb00000,0x000000c8cbc00000) (1024K)]
  0x0000028e50371990 JavaThread "Notification Thread"        daemon [_thread_blocked, id=4260, stack(0x000000c8cbc00000,0x000000c8cbd00000) (1024K)]
=>0x0000028e50666ad0 JavaThread "C2 CompilerThread1"         daemon [_thread_in_native, id=3648, stack(0x000000c8cbd00000,0x000000c8cbe00000) (1024K)]
  0x0000028e56283870 JavaThread "Daemon health stats"               [_thread_blocked, id=11732, stack(0x000000c8cc400000,0x000000c8cc500000) (1024K)]
  0x0000028e56a639b0 JavaThread "Incoming local TCP Connector on port 61534"        [_thread_in_native, id=2072, stack(0x000000c8cc700000,0x000000c8cc800000) (1024K)]
  0x0000028e574f4f80 JavaThread "Daemon periodic checks"            [_thread_blocked, id=7788, stack(0x000000c8cc800000,0x000000c8cc900000) (1024K)]
  0x0000028e55a2e070 JavaThread "Daemon"                            [_thread_blocked, id=13484, stack(0x000000c8cca00000,0x000000c8ccb00000) (1024K)]
  0x0000028e56c7dcf0 JavaThread "Handler for socket connection from /127.0.0.1:61534 to /127.0.0.1:61535"        [_thread_in_native, id=12364, stack(0x000000c8ccb00000,0x000000c8ccc00000) (1024K)]
  0x0000028e56c7a640 JavaThread "Cancel handler"                    [_thread_blocked, id=9984, stack(0x000000c8ccc00000,0x000000c8ccd00000) (1024K)]
  0x0000028e56c7ec90 JavaThread "Daemon worker"                     [_thread_blocked, id=2544, stack(0x000000c8ccd00000,0x000000c8cce00000) (1024K)]
  0x0000028e56c813a0 JavaThread "Asynchronous log dispatcher for DefaultDaemonConnection: socket connection from /127.0.0.1:61534 to /127.0.0.1:61535"        [_thread_blocked, id=13056, stack(0x000000c8cce00000,0x000000c8ccf00000) (1024K)]
  0x0000028e56c80400 JavaThread "Stdin handler"                     [_thread_blocked, id=3380, stack(0x000000c8ccf00000,0x000000c8cd000000) (1024K)]
  0x0000028e56c7e4c0 JavaThread "Daemon client event forwarder"        [_thread_blocked, id=10264, stack(0x000000c8cd000000,0x000000c8cd100000) (1024K)]
  0x0000028e56c92660 JavaThread "Cache worker for journal cache (C:\Users\Maxim\.gradle\caches\journal-1)"        [_thread_blocked, id=13668, stack(0x000000c8cd100000,0x000000c8cd200000) (1024K)]
  0x0000028e56c93600 JavaThread "File lock request listener"        [_thread_in_native, id=7088, stack(0x000000c8cd200000,0x000000c8cd300000) (1024K)]
  0x0000028e56c964e0 JavaThread "Cache worker for file hash cache (C:\Users\Maxim\.gradle\caches\9.6.0\fileHashes)"        [_thread_blocked, id=6236, stack(0x000000c8cd300000,0x000000c8cd400000) (1024K)]
  0x0000028e56c993c0 JavaThread "Cache worker for file hash cache (E:\Android Studio Projects\Habit-Tracker\.gradle\9.6.0\fileHashes)"        [_thread_blocked, id=2700, stack(0x000000c8cd400000,0x000000c8cd500000) (1024K)]
  0x0000028e56c96cb0 JavaThread "Cache worker for checksums cache (E:\Android Studio Projects\Habit-Tracker\.gradle\9.6.0\checksums)"        [_thread_blocked, id=11668, stack(0x000000c8cd500000,0x000000c8cd600000) (1024K)]
  0x0000028e56c97c50 JavaThread "Cache worker for Build Output Cleanup Cache (E:\Android Studio Projects\Habit-Tracker\.gradle\buildOutputCleanup)"        [_thread_blocked, id=3688, stack(0x000000c8cd600000,0x000000c8cd700000) (1024K)]
  0x0000028e57c88160 JavaThread "Cache worker for file content cache (C:\Users\Maxim\.gradle\caches\9.6.0\fileContent)"        [_thread_blocked, id=14292, stack(0x000000c8cd700000,0x000000c8cd800000) (1024K)]
  0x0000028e57c8a0a0 JavaThread "File watcher server"        daemon [_thread_in_native, id=10944, stack(0x000000c8cbe00000,0x000000c8cbf00000) (1024K)]
  0x0000028e57c898d0 JavaThread "File watcher consumer"      daemon [_thread_blocked, id=12700, stack(0x000000c8cd800000,0x000000c8cd900000) (1024K)]
  0x0000028e57c8bfe0 JavaThread "Cache worker for cache directory md-supplier (C:\Users\Maxim\.gradle\caches\9.6.0\md-supplier)"        [_thread_blocked, id=8260, stack(0x000000c8cd900000,0x000000c8cda00000) (1024K)]
  0x0000028e57c8cf80 JavaThread "Cache worker for cache directory md-rule (C:\Users\Maxim\.gradle\caches\9.6.0\md-rule)"        [_thread_blocked, id=8624, stack(0x000000c8cda00000,0x000000c8cdb00000) (1024K)]
  0x0000028e57c8eec0 JavaThread "jar transforms"                    [_thread_blocked, id=10324, stack(0x000000c8cdb00000,0x000000c8cdc00000) (1024K)]
  0x0000028e58e62fe0 JavaThread "jar transforms Thread 2"           [_thread_blocked, id=4740, stack(0x000000c8cdc00000,0x000000c8cdd00000) (1024K)]
  0x0000028e58e66690 JavaThread "jar transforms Thread 3"           [_thread_blocked, id=4736, stack(0x000000c8cdd00000,0x000000c8cde00000) (1024K)]
  0x0000028e58e685d0 JavaThread "jar transforms Thread 4"           [_thread_blocked, id=13696, stack(0x000000c8cde00000,0x000000c8cdf00000) (1024K)]
  0x0000028e57ef92c0 JavaThread "jar transforms Thread 5"           [_thread_blocked, id=5388, stack(0x000000c8cdf00000,0x000000c8ce000000) (1024K)]
  0x0000028e57efa260 JavaThread "Build operations"                  [_thread_blocked, id=14268, stack(0x000000c8ce000000,0x000000c8ce100000) (1024K)]
  0x0000028e57efaa30 JavaThread "Build operations Thread 2"         [_thread_blocked, id=9596, stack(0x000000c8ce100000,0x000000c8ce200000) (1024K)]
  0x0000028e57efb9d0 JavaThread "Build operations Thread 3"         [_thread_blocked, id=14236, stack(0x000000c8ce200000,0x000000c8ce300000) (1024K)]
  0x0000028e57ef9a90 JavaThread "Build operations Thread 4"         [_thread_blocked, id=9556, stack(0x000000c8ce300000,0x000000c8ce400000) (1024K)]
  0x0000028e58e63f80 JavaThread "jar transforms Thread 6"           [_thread_blocked, id=12036, stack(0x000000c8ce400000,0x000000c8ce500000) (1024K)]
  0x0000028e58e68da0 JavaThread "jar transforms Thread 7"           [_thread_blocked, id=6516, stack(0x000000c8ce500000,0x000000c8ce600000) (1024K)]
  0x0000028e56c93dd0 JavaThread "jar transforms Thread 8"           [_thread_blocked, id=5116, stack(0x000000c8ce600000,0x000000c8ce700000) (1024K)]
  0x0000028e564a62f0 JavaThread "shaded jar writer"          daemon [_thread_blocked, id=10412, stack(0x000000c8ce700000,0x000000c8ce800000) (1024K)]
Total: 46

Other Threads:
  0x0000028e4fe76f70 VMThread "VM Thread"                           [id=10228, stack(0x000000c8cb200000,0x000000c8cb300000) (1024K)]
  0x0000028e4fe2ca80 WatcherThread "VM Periodic Task Thread"        [id=7324, stack(0x000000c8cb100000,0x000000c8cb200000) (1024K)]
  0x0000028e33a40750 WorkerThread "GC Thread#0"                     [id=5744, stack(0x000000c8cac00000,0x000000c8cad00000) (1024K)]
  0x0000028e559bd270 WorkerThread "GC Thread#1"                     [id=5340, stack(0x000000c8cbf00000,0x000000c8cc000000) (1024K)]
  0x0000028e559bd6a0 WorkerThread "GC Thread#2"                     [id=7972, stack(0x000000c8cc000000,0x000000c8cc100000) (1024K)]
  0x0000028e558d72d0 WorkerThread "GC Thread#3"                     [id=4880, stack(0x000000c8cc100000,0x000000c8cc200000) (1024K)]
  0x0000028e558d8b20 WorkerThread "GC Thread#4"                     [id=12848, stack(0x000000c8cc200000,0x000000c8cc300000) (1024K)]
  0x0000028e558d9350 WorkerThread "GC Thread#5"                     [id=11556, stack(0x000000c8cc300000,0x000000c8cc400000) (1024K)]
  0x0000028e559a29d0 WorkerThread "GC Thread#6"                     [id=3480, stack(0x000000c8cc500000,0x000000c8cc600000) (1024K)]
  0x0000028e559a0ff0 WorkerThread "GC Thread#7"                     [id=8736, stack(0x000000c8cc600000,0x000000c8cc700000) (1024K)]
  0x0000028e337fdfe0 ConcurrentGCThread "G1 Main Marker"            [id=13724, stack(0x000000c8cad00000,0x000000c8cae00000) (1024K)]
  0x0000028e337feb80 WorkerThread "G1 Conc#0"                       [id=2928, stack(0x000000c8cae00000,0x000000c8caf00000) (1024K)]
  0x0000028e5599f1c0 WorkerThread "G1 Conc#1"                       [id=13004, stack(0x000000c8cc900000,0x000000c8cca00000) (1024K)]
  0x0000028e33a8e420 ConcurrentGCThread "G1 Refine#0"               [id=4696, stack(0x000000c8caf00000,0x000000c8cb000000) (1024K)]
  0x0000028e4fd00110 ConcurrentGCThread "G1 Service"                [id=11684, stack(0x000000c8cb000000,0x000000c8cb100000) (1024K)]
Total: 15

Threads with active compile tasks:
C2 CompilerThread0  22383 11192       4       org.objectweb.asm.commons.ClassRemapper::visitInnerClass (49 bytes)
C2 CompilerThread1  22383 11245       4       org.apache.commons.compress.archivers.zip.ZipArchiveOutputStream::closeArchiveEntry (85 bytes)
Total: 2

VM state: at safepoint (normal execution)

VM Mutex/Monitor currently owned by a thread:  ([mutex/lock_event])
[0x00007ffc397650a8] FreeList_lock - owner thread: 0x0000028e558d72d0
[0x00007ffc39767928] Threads_lock - owner thread: 0x0000028e4fe76f70
[0x00007ffc39767aa8] Heap_lock - owner thread: 0x0000028e57efaa30

Heap address: 0x0000000700000000, size: 4096 MB, Compressed Oops mode: Zero based, Oop shift amount: 3

CDS archive(s) not mapped
Compressed class space mapped at: 0x00000000bf000000-0x00000000ff000000, reserved size: 1073741824
UseCompressedClassPointers 1, UseCompactObjectHeaders 0
Narrow klass pointer bits 32, Max shift 3
Narrow klass base: 0x0000000000000000, Narrow klass shift: 0
Encoding Range: [0x0000000000000000 - 0x0000000100000000), (4294967296 bytes)
Klass Range:    [0x00000000bf000000 - 0x00000000ff000000), (1073741824 bytes)
Klass ID Range:  [3204448256 - 4278190073) (1073741817)
No protection zone.

GC Precious Log:
 CardTable entry size: 512
 Card Set container configuration: InlinePtr #cards 4 size 8 Array Of Cards #cards 16 size 48 Howl #buckets 8 coarsen threshold 3686 Howl Bitmap #cards 512 size 80 coarsen threshold 460 Card regions per heap region 1 cards per card region 4096
 CPUs: 8 total, 8 available
 Memory: 8116M
 Large Page Support: Disabled
 NUMA Support: Disabled
 Compressed Oops: Enabled (Zero based)
 Heap Region Size: 2M
 Heap Min Capacity: 8M
 Heap Initial Capacity: 128M
 Heap Max Capacity: 4G
 Pre-touch: Disabled
 Parallel Workers: 8
 Concurrent Workers: 2
 Concurrent Refinement Workers: 8
 Periodic GC: Disabled

Heap:
 garbage-first heap   total reserved 4194304K, committed 368640K, used 337757K [0x0000000700000000, 0x0000000800000000)
  region size 2048K, 102 young (208896K), 10 survivors (20480K)

Heap Regions: E=young(eden), S=young(survivor), O=old, HS=humongous(starts), HC=humongous(continues), CS=collection set, F=free, TAMS=top-at-mark-start, PB=parsable bottom
|   0|0x0000000700000000, 0x0000000700200000, 0x0000000700200000|100%|HS|  |TAMS 0x0000000700200000| PB 0x0000000700000000| Complete |  0
|   1|0x0000000700200000, 0x0000000700400000, 0x0000000700400000|100%|HC|  |TAMS 0x0000000700400000| PB 0x0000000700200000| Complete |  0
|   2|0x0000000700400000, 0x0000000700600000, 0x0000000700600000|100%| O|  |TAMS 0x0000000700600000| PB 0x0000000700400000| Untracked |  0
|   3|0x0000000700600000, 0x0000000700800000, 0x0000000700800000|100%| O|  |TAMS 0x0000000700800000| PB 0x0000000700600000| Untracked |  0
|   4|0x0000000700800000, 0x0000000700a00000, 0x0000000700a00000|100%| O|  |TAMS 0x0000000700a00000| PB 0x0000000700800000| Untracked |  0
|   5|0x0000000700a00000, 0x0000000700c00000, 0x0000000700c00000|100%| O|  |TAMS 0x0000000700c00000| PB 0x0000000700a00000| Untracked |  0
|   6|0x0000000700c00000, 0x0000000700e00000, 0x0000000700e00000|100%| O|  |TAMS 0x0000000700e00000| PB 0x0000000700c00000| Untracked |  0
|   7|0x0000000700e00000, 0x0000000701000000, 0x0000000701000000|100%| O|  |TAMS 0x0000000701000000| PB 0x0000000700e00000| Untracked |  0
|   8|0x0000000701000000, 0x0000000701200000, 0x0000000701200000|100%| O|  |TAMS 0x0000000701200000| PB 0x0000000701000000| Untracked |  0
|   9|0x0000000701200000, 0x0000000701400000, 0x0000000701400000|100%| O|  |TAMS 0x0000000701400000| PB 0x0000000701200000| Untracked |  0
|  10|0x0000000701400000, 0x0000000701600000, 0x0000000701600000|100%| O|  |TAMS 0x0000000701600000| PB 0x0000000701400000| Untracked |  0
|  11|0x0000000701600000, 0x0000000701800000, 0x0000000701800000|100%| O|  |TAMS 0x0000000701800000| PB 0x0000000701600000| Untracked |  0
|  12|0x0000000701800000, 0x0000000701a00000, 0x0000000701a00000|100%| O|  |TAMS 0x0000000701a00000| PB 0x0000000701800000| Untracked |  0
|  13|0x0000000701a00000, 0x0000000701c00000, 0x0000000701c00000|100%| O|  |TAMS 0x0000000701c00000| PB 0x0000000701a00000| Untracked |  0
|  14|0x0000000701c00000, 0x0000000701e00000, 0x0000000701e00000|100%| O|  |TAMS 0x0000000701e00000| PB 0x0000000701c00000| Untracked |  0
|  15|0x0000000701e00000, 0x0000000702000000, 0x0000000702000000|100%| O|  |TAMS 0x0000000702000000| PB 0x0000000701e00000| Untracked |  0
|  16|0x0000000702000000, 0x0000000702200000, 0x0000000702200000|100%| O|  |TAMS 0x0000000702200000| PB 0x0000000702000000| Untracked |  0
|  17|0x0000000702200000, 0x0000000702400000, 0x0000000702400000|100%| O|  |TAMS 0x0000000702400000| PB 0x0000000702200000| Untracked |  0
|  18|0x0000000702400000, 0x0000000702600000, 0x0000000702600000|100%| O|  |TAMS 0x0000000702600000| PB 0x0000000702400000| Untracked |  0
|  19|0x0000000702600000, 0x0000000702800000, 0x0000000702800000|100%| O|  |TAMS 0x0000000702800000| PB 0x0000000702600000| Untracked |  0
|  20|0x0000000702800000, 0x0000000702a00000, 0x0000000702a00000|100%| O|  |TAMS 0x0000000702a00000| PB 0x0000000702800000| Untracked |  0
|  21|0x0000000702a00000, 0x0000000702c00000, 0x0000000702c00000|100%| O|  |TAMS 0x0000000702c00000| PB 0x0000000702a00000| Untracked |  0
|  22|0x0000000702c00000, 0x0000000702e00000, 0x0000000702e00000|100%| O|  |TAMS 0x0000000702e00000| PB 0x0000000702c00000| Untracked |  0
|  23|0x0000000702e00000, 0x0000000703000000, 0x0000000703000000|100%| O|  |TAMS 0x0000000703000000| PB 0x0000000702e00000| Untracked |  0
|  24|0x0000000703000000, 0x0000000703200000, 0x0000000703200000|100%| O|  |TAMS 0x0000000703200000| PB 0x0000000703000000| Untracked |  0
|  25|0x0000000703200000, 0x0000000703400000, 0x0000000703400000|100%| O|  |TAMS 0x0000000703400000| PB 0x0000000703200000| Untracked |  0
|  26|0x0000000703400000, 0x0000000703600000, 0x0000000703600000|100%| O|  |TAMS 0x0000000703600000| PB 0x0000000703400000| Untracked |  0
|  27|0x0000000703600000, 0x0000000703800000, 0x0000000703800000|100%| O|  |TAMS 0x0000000703800000| PB 0x0000000703600000| Untracked |  0
|  28|0x0000000703800000, 0x0000000703a00000, 0x0000000703a00000|100%| O|  |TAMS 0x0000000703a00000| PB 0x0000000703800000| Untracked |  0
|  29|0x0000000703a00000, 0x0000000703c00000, 0x0000000703c00000|100%| O|  |TAMS 0x0000000703c00000| PB 0x0000000703a00000| Untracked |  0
|  30|0x0000000703c00000, 0x0000000703e00000, 0x0000000703e00000|100%| O|  |TAMS 0x0000000703e00000| PB 0x0000000703c00000| Untracked |  0
|  31|0x0000000703e00000, 0x0000000704000000, 0x0000000704000000|100%| O|  |TAMS 0x0000000703e00000| PB 0x0000000703e00000| Untracked |  0
|  32|0x0000000704000000, 0x0000000704200000, 0x0000000704200000|100%| O|  |TAMS 0x0000000704200000| PB 0x0000000704000000| Untracked |  0
|  33|0x0000000704200000, 0x0000000704400000, 0x0000000704400000|100%| O|  |TAMS 0x0000000704400000| PB 0x0000000704200000| Untracked |  0
|  34|0x0000000704400000, 0x0000000704600000, 0x0000000704600000|100%| O|  |TAMS 0x0000000704600000| PB 0x0000000704400000| Untracked |  0
|  35|0x0000000704600000, 0x0000000704800000, 0x0000000704800000|100%| O|  |TAMS 0x0000000704800000| PB 0x0000000704600000| Untracked |  0
|  36|0x0000000704800000, 0x0000000704a00000, 0x0000000704a00000|100%| O|  |TAMS 0x0000000704a00000| PB 0x0000000704800000| Untracked |  0
|  37|0x0000000704a00000, 0x0000000704c00000, 0x0000000704c00000|100%| O|  |TAMS 0x0000000704c00000| PB 0x0000000704a00000| Untracked |  0
|  38|0x0000000704c00000, 0x0000000704e00000, 0x0000000704e00000|100%| O|  |TAMS 0x0000000704e00000| PB 0x0000000704c00000| Untracked |  0
|  39|0x0000000704e00000, 0x0000000705000000, 0x0000000705000000|100%| O|  |TAMS 0x0000000705000000| PB 0x0000000704e00000| Untracked |  0
|  40|0x0000000705000000, 0x0000000705200000, 0x0000000705200000|100%| O|  |TAMS 0x0000000705200000| PB 0x0000000705000000| Untracked |  0
|  41|0x0000000705200000, 0x0000000705400000, 0x0000000705400000|100%| O|  |TAMS 0x0000000705200000| PB 0x0000000705200000| Untracked |  0
|  42|0x0000000705400000, 0x0000000705600000, 0x0000000705600000|100%| O|  |TAMS 0x0000000705600000| PB 0x0000000705400000| Untracked |  0
|  43|0x0000000705600000, 0x0000000705800000, 0x0000000705800000|100%| O|  |TAMS 0x0000000705800000| PB 0x0000000705600000| Untracked |  0
|  44|0x0000000705800000, 0x0000000705a00000, 0x0000000705a00000|100%| O|  |TAMS 0x0000000705a00000| PB 0x0000000705800000| Untracked |  0
|  45|0x0000000705a00000, 0x0000000705c00000, 0x0000000705c00000|100%| O|  |TAMS 0x0000000705c00000| PB 0x0000000705a00000| Untracked |  0
|  46|0x0000000705c00000, 0x0000000705e00000, 0x0000000705e00000|100%| O|  |TAMS 0x0000000705e00000| PB 0x0000000705c00000| Untracked |  0
|  47|0x0000000705e00000, 0x0000000706000000, 0x0000000706000000|100%| O|  |TAMS 0x0000000705e00000| PB 0x0000000705e00000| Untracked |  0
|  48|0x0000000706000000, 0x0000000706200000, 0x0000000706200000|100%| O|  |TAMS 0x0000000706200000| PB 0x0000000706000000| Untracked |  0
|  49|0x0000000706200000, 0x0000000706400000, 0x0000000706400000|100%| O|  |TAMS 0x0000000706400000| PB 0x0000000706200000| Untracked |  0
|  50|0x0000000706400000, 0x0000000706600000, 0x0000000706600000|100%| O|  |TAMS 0x0000000706600000| PB 0x0000000706400000| Untracked |  0
|  51|0x0000000706600000, 0x0000000706800000, 0x0000000706800000|100%| O|  |TAMS 0x0000000706600000| PB 0x0000000706600000| Untracked |  0
|  52|0x0000000706800000, 0x0000000706a00000, 0x0000000706a00000|100%| O|  |TAMS 0x0000000706a00000| PB 0x0000000706800000| Untracked |  0
|  53|0x0000000706a00000, 0x0000000706c00000, 0x0000000706c00000|100%| O|  |TAMS 0x0000000706a00000| PB 0x0000000706a00000| Untracked |  0
|  54|0x0000000706c00000, 0x0000000706e00000, 0x0000000706e00000|100%| O|  |TAMS 0x0000000706e00000| PB 0x0000000706c00000| Untracked |  0
|  55|0x0000000706e00000, 0x0000000707000000, 0x0000000707000000|100%| S|  |TAMS 0x0000000706e00000| PB 0x0000000706e00000| Complete |  0
|  56|0x0000000707000000, 0x0000000707200000, 0x0000000707200000|100%| O|  |TAMS 0x0000000707200000| PB 0x0000000707000000| Untracked |  0
|  57|0x0000000707200000, 0x0000000707400000, 0x0000000707400000|100%| O|  |TAMS 0x0000000707400000| PB 0x0000000707200000| Untracked |  0
|  58|0x0000000707400000, 0x0000000707600000, 0x0000000707600000|100%| O|  |TAMS 0x0000000707600000| PB 0x0000000707400000| Untracked |  0
|  59|0x0000000707600000, 0x0000000707800000, 0x0000000707800000|100%| O|  |TAMS 0x0000000707800000| PB 0x0000000707600000| Untracked |  0
|  60|0x0000000707800000, 0x0000000707a00000, 0x0000000707a00000|100%| S|  |TAMS 0x0000000707800000| PB 0x0000000707800000| Complete |  0
|  61|0x0000000707a00000, 0x0000000707c00000, 0x0000000707c00000|100%| O|  |TAMS 0x0000000707c00000| PB 0x0000000707a00000| Untracked |  0
|  62|0x0000000707c00000, 0x0000000707e00000, 0x0000000707e00000|100%| E|CS|TAMS 0x0000000707c00000| PB 0x0000000707c00000| Complete |  0
|  63|0x0000000707e00000, 0x0000000708000000, 0x0000000708000000|100%| E|CS|TAMS 0x0000000707e00000| PB 0x0000000707e00000| Complete |  0
|  64|0x0000000708000000, 0x0000000708200000, 0x0000000708200000|100%| E|CS|TAMS 0x0000000708000000| PB 0x0000000708000000| Complete |  0
|  65|0x0000000708200000, 0x0000000708400000, 0x0000000708400000|100%| E|CS|TAMS 0x0000000708200000| PB 0x0000000708200000| Complete |  0
|  66|0x0000000708400000, 0x0000000708600000, 0x0000000708600000|100%| E|CS|TAMS 0x0000000708400000| PB 0x0000000708400000| Complete |  0
|  67|0x0000000708600000, 0x0000000708800000, 0x0000000708800000|100%| S|  |TAMS 0x0000000708600000| PB 0x0000000708600000| Complete |  0
|  68|0x0000000708800000, 0x0000000708a00000, 0x0000000708a00000|100%| S|  |TAMS 0x0000000708800000| PB 0x0000000708800000| Complete |  0
|  69|0x0000000708a00000, 0x0000000708c00000, 0x0000000708c00000|100%| S|  |TAMS 0x0000000708a00000| PB 0x0000000708a00000| Complete |  0
|  70|0x0000000708c00000, 0x0000000708e00000, 0x0000000708e00000|100%| S|  |TAMS 0x0000000708c00000| PB 0x0000000708c00000| Complete |  0
|  71|0x0000000708e00000, 0x0000000709000000, 0x0000000709000000|100%| S|  |TAMS 0x0000000708e00000| PB 0x0000000708e00000| Complete |  0
|  72|0x0000000709000000, 0x0000000709200000, 0x0000000709200000|100%| S|  |TAMS 0x0000000709000000| PB 0x0000000709000000| Complete |  0
|  73|0x0000000709200000, 0x0000000709400000, 0x0000000709400000|100%| S|  |TAMS 0x0000000709200000| PB 0x0000000709200000| Complete |  0
|  74|0x0000000709400000, 0x0000000709600000, 0x0000000709600000|100%| S|  |TAMS 0x0000000709400000| PB 0x0000000709400000| Complete |  0
|  75|0x0000000709600000, 0x0000000709800000, 0x0000000709800000|100%| E|CS|TAMS 0x0000000709600000| PB 0x0000000709600000| Complete |  2
|  76|0x0000000709800000, 0x0000000709a00000, 0x0000000709a00000|100%| E|CS|TAMS 0x0000000709800000| PB 0x0000000709800000| Complete |  0
|  77|0x0000000709a00000, 0x0000000709c00000, 0x0000000709c00000|100%| E|CS|TAMS 0x0000000709a00000| PB 0x0000000709a00000| Complete |  0
|  78|0x0000000709c00000, 0x0000000709e00000, 0x0000000709e00000|100%| E|CS|TAMS 0x0000000709c00000| PB 0x0000000709c00000| Complete |  0
|  79|0x0000000709e00000, 0x000000070a000000, 0x000000070a000000|100%| E|CS|TAMS 0x0000000709e00000| PB 0x0000000709e00000| Complete |  0
|  80|0x000000070a000000, 0x000000070a200000, 0x000000070a200000|100%| E|CS|TAMS 0x000000070a000000| PB 0x000000070a000000| Complete |  0
|  81|0x000000070a200000, 0x000000070a400000, 0x000000070a400000|100%| E|CS|TAMS 0x000000070a200000| PB 0x000000070a200000| Complete |  0
|  82|0x000000070a400000, 0x000000070a600000, 0x000000070a600000|100%| E|CS|TAMS 0x000000070a400000| PB 0x000000070a400000| Complete |  0
|  83|0x000000070a600000, 0x000000070a800000, 0x000000070a800000|100%| E|CS|TAMS 0x000000070a600000| PB 0x000000070a600000| Complete |  0
|  84|0x000000070a800000, 0x000000070aa00000, 0x000000070aa00000|100%| E|CS|TAMS 0x000000070a800000| PB 0x000000070a800000| Complete |  0
|  85|0x000000070aa00000, 0x000000070ac00000, 0x000000070ac00000|100%| E|CS|TAMS 0x000000070aa00000| PB 0x000000070aa00000| Complete |  0
|  86|0x000000070ac00000, 0x000000070ae00000, 0x000000070ae00000|100%| E|CS|TAMS 0x000000070ac00000| PB 0x000000070ac00000| Complete |  0
|  87|0x000000070ae00000, 0x000000070b000000, 0x000000070b000000|100%| E|CS|TAMS 0x000000070ae00000| PB 0x000000070ae00000| Complete |  0
|  88|0x000000070b000000, 0x000000070b200000, 0x000000070b200000|100%| E|CS|TAMS 0x000000070b000000| PB 0x000000070b000000| Complete |  0
|  89|0x000000070b200000, 0x000000070b400000, 0x000000070b400000|100%| E|CS|TAMS 0x000000070b200000| PB 0x000000070b200000| Complete |  0
|  90|0x000000070b400000, 0x000000070b600000, 0x000000070b600000|100%| E|CS|TAMS 0x000000070b400000| PB 0x000000070b400000| Complete |  0
|  91|0x000000070b600000, 0x000000070b800000, 0x000000070b800000|100%| E|CS|TAMS 0x000000070b600000| PB 0x000000070b600000| Complete |  0
|  92|0x000000070b800000, 0x000000070ba00000, 0x000000070ba00000|100%| E|CS|TAMS 0x000000070b800000| PB 0x000000070b800000| Complete |  0
|  93|0x000000070ba00000, 0x000000070bc00000, 0x000000070bc00000|100%| E|CS|TAMS 0x000000070ba00000| PB 0x000000070ba00000| Complete |  0
|  94|0x000000070bc00000, 0x000000070be00000, 0x000000070be00000|100%| E|CS|TAMS 0x000000070bc00000| PB 0x000000070bc00000| Complete |  0
|  95|0x000000070be00000, 0x000000070c000000, 0x000000070c000000|100%| E|CS|TAMS 0x000000070be00000| PB 0x000000070be00000| Complete |  0
|  96|0x000000070c000000, 0x000000070c200000, 0x000000070c200000|100%| E|CS|TAMS 0x000000070c000000| PB 0x000000070c000000| Complete |  0
|  97|0x000000070c200000, 0x000000070c400000, 0x000000070c400000|100%| E|CS|TAMS 0x000000070c200000| PB 0x000000070c200000| Complete |  0
|  98|0x000000070c400000, 0x000000070c600000, 0x000000070c600000|100%| E|CS|TAMS 0x000000070c400000| PB 0x000000070c400000| Complete |  0
|  99|0x000000070c600000, 0x000000070c800000, 0x000000070c800000|100%| E|CS|TAMS 0x000000070c600000| PB 0x000000070c600000| Complete |  0
| 100|0x000000070c800000, 0x000000070ca00000, 0x000000070ca00000|100%| E|CS|TAMS 0x000000070c800000| PB 0x000000070c800000| Complete |  0
| 101|0x000000070ca00000, 0x000000070cc00000, 0x000000070cc00000|100%| E|CS|TAMS 0x000000070ca00000| PB 0x000000070ca00000| Complete |  0
| 102|0x000000070cc00000, 0x000000070ce00000, 0x000000070ce00000|100%| E|CS|TAMS 0x000000070cc00000| PB 0x000000070cc00000| Complete |  0
| 103|0x000000070ce00000, 0x000000070d000000, 0x000000070d000000|100%| E|CS|TAMS 0x000000070ce00000| PB 0x000000070ce00000| Complete |  0
| 104|0x000000070d000000, 0x000000070d200000, 0x000000070d200000|100%| E|CS|TAMS 0x000000070d000000| PB 0x000000070d000000| Complete |  0
| 105|0x000000070d200000, 0x000000070d400000, 0x000000070d400000|100%| E|CS|TAMS 0x000000070d200000| PB 0x000000070d200000| Complete |  0
| 106|0x000000070d400000, 0x000000070d600000, 0x000000070d600000|100%| E|CS|TAMS 0x000000070d400000| PB 0x000000070d400000| Complete |  0
| 107|0x000000070d600000, 0x000000070d800000, 0x000000070d800000|100%| E|CS|TAMS 0x000000070d600000| PB 0x000000070d600000| Complete |  0
| 108|0x000000070d800000, 0x000000070da00000, 0x000000070da00000|100%| E|CS|TAMS 0x000000070d800000| PB 0x000000070d800000| Complete |  0
| 109|0x000000070da00000, 0x000000070dc00000, 0x000000070dc00000|100%| E|CS|TAMS 0x000000070da00000| PB 0x000000070da00000| Complete |  0
| 110|0x000000070dc00000, 0x000000070de00000, 0x000000070de00000|100%| E|CS|TAMS 0x000000070dc00000| PB 0x000000070dc00000| Complete |  0
| 111|0x000000070de00000, 0x000000070e000000, 0x000000070e000000|100%| E|CS|TAMS 0x000000070de00000| PB 0x000000070de00000| Complete |  0
| 112|0x000000070e000000, 0x000000070e200000, 0x000000070e200000|100%| E|CS|TAMS 0x000000070e000000| PB 0x000000070e000000| Complete |  0
| 113|0x000000070e200000, 0x000000070e400000, 0x000000070e400000|100%| E|CS|TAMS 0x000000070e200000| PB 0x000000070e200000| Complete |  0
| 114|0x000000070e400000, 0x000000070e600000, 0x000000070e600000|100%| E|CS|TAMS 0x000000070e400000| PB 0x000000070e400000| Complete |  0
| 115|0x000000070e600000, 0x000000070e800000, 0x000000070e800000|100%| E|CS|TAMS 0x000000070e600000| PB 0x000000070e600000| Complete |  0
| 116|0x000000070e800000, 0x000000070ea00000, 0x000000070ea00000|100%| E|CS|TAMS 0x000000070e800000| PB 0x000000070e800000| Complete |  0
| 117|0x000000070ea00000, 0x000000070ec00000, 0x000000070ec00000|100%| E|CS|TAMS 0x000000070ea00000| PB 0x000000070ea00000| Complete |  0
| 118|0x000000070ec00000, 0x000000070ee00000, 0x000000070ee00000|100%| E|CS|TAMS 0x000000070ec00000| PB 0x000000070ec00000| Complete |  0
| 119|0x000000070ee00000, 0x000000070f000000, 0x000000070f000000|100%| E|CS|TAMS 0x000000070ee00000| PB 0x000000070ee00000| Complete |  0
| 120|0x000000070f000000, 0x000000070f200000, 0x000000070f200000|100%| E|CS|TAMS 0x000000070f000000| PB 0x000000070f000000| Complete |  0
| 121|0x000000070f200000, 0x000000070f400000, 0x000000070f400000|100%| E|CS|TAMS 0x000000070f200000| PB 0x000000070f200000| Complete |  0
| 122|0x000000070f400000, 0x000000070f600000, 0x000000070f600000|100%| E|CS|TAMS 0x000000070f400000| PB 0x000000070f400000| Complete |  0
| 123|0x000000070f600000, 0x000000070f800000, 0x000000070f800000|100%| E|CS|TAMS 0x000000070f600000| PB 0x000000070f600000| Complete |  0
| 124|0x000000070f800000, 0x000000070fa00000, 0x000000070fa00000|100%| E|CS|TAMS 0x000000070f800000| PB 0x000000070f800000| Complete |  0
| 125|0x000000070fa00000, 0x000000070fc00000, 0x000000070fc00000|100%| E|CS|TAMS 0x000000070fa00000| PB 0x000000070fa00000| Complete |  0
| 126|0x000000070fc00000, 0x000000070fe00000, 0x000000070fe00000|100%| E|CS|TAMS 0x000000070fc00000| PB 0x000000070fc00000| Complete |  0
| 127|0x000000070fe00000, 0x0000000710000000, 0x0000000710000000|100%| E|CS|TAMS 0x000000070fe00000| PB 0x000000070fe00000| Complete |  0
| 128|0x0000000710000000, 0x0000000710200000, 0x0000000710200000|100%| E|CS|TAMS 0x0000000710000000| PB 0x0000000710000000| Complete |  0
| 129|0x0000000710200000, 0x0000000710400000, 0x0000000710400000|100%| E|CS|TAMS 0x0000000710200000| PB 0x0000000710200000| Complete |  0
| 130|0x0000000710400000, 0x0000000710600000, 0x0000000710600000|100%| E|CS|TAMS 0x0000000710400000| PB 0x0000000710400000| Complete |  0
| 131|0x0000000710600000, 0x0000000710800000, 0x0000000710800000|100%| E|CS|TAMS 0x0000000710600000| PB 0x0000000710600000| Complete |  0
| 132|0x0000000710800000, 0x0000000710a00000, 0x0000000710a00000|100%| E|CS|TAMS 0x0000000710800000| PB 0x0000000710800000| Complete |  0
| 133|0x0000000710a00000, 0x0000000710c00000, 0x0000000710c00000|100%| E|CS|TAMS 0x0000000710a00000| PB 0x0000000710a00000| Complete |  0
| 134|0x0000000710c00000, 0x0000000710e00000, 0x0000000710e00000|100%| E|CS|TAMS 0x0000000710c00000| PB 0x0000000710c00000| Complete |  0
| 135|0x0000000710e00000, 0x0000000711000000, 0x0000000711000000|100%| E|CS|TAMS 0x0000000710e00000| PB 0x0000000710e00000| Complete |  0
| 136|0x0000000711000000, 0x0000000711200000, 0x0000000711200000|100%| E|CS|TAMS 0x0000000711000000| PB 0x0000000711000000| Complete |  0
| 137|0x0000000711200000, 0x0000000711400000, 0x0000000711400000|100%| E|CS|TAMS 0x0000000711200000| PB 0x0000000711200000| Complete |  0
| 138|0x0000000711400000, 0x0000000711600000, 0x0000000711600000|100%| E|CS|TAMS 0x0000000711400000| PB 0x0000000711400000| Complete |  0
| 139|0x0000000711600000, 0x0000000711800000, 0x0000000711800000|100%| E|CS|TAMS 0x0000000711600000| PB 0x0000000711600000| Complete |  0
| 140|0x0000000711800000, 0x0000000711a00000, 0x0000000711a00000|100%| E|CS|TAMS 0x0000000711800000| PB 0x0000000711800000| Complete |  0
| 141|0x0000000711a00000, 0x0000000711c00000, 0x0000000711c00000|100%| E|CS|TAMS 0x0000000711a00000| PB 0x0000000711a00000| Complete |  0
| 142|0x0000000711c00000, 0x0000000711e00000, 0x0000000711e00000|100%| E|CS|TAMS 0x0000000711c00000| PB 0x0000000711c00000| Complete |  0
| 143|0x0000000711e00000, 0x0000000712000000, 0x0000000712000000|100%| E|CS|TAMS 0x0000000711e00000| PB 0x0000000711e00000| Complete |  0
| 144|0x0000000712000000, 0x0000000712200000, 0x0000000712200000|100%| E|CS|TAMS 0x0000000712000000| PB 0x0000000712000000| Complete |  0
| 145|0x0000000712200000, 0x0000000712400000, 0x0000000712400000|100%| E|CS|TAMS 0x0000000712200000| PB 0x0000000712200000| Complete |  0
| 146|0x0000000712400000, 0x0000000712600000, 0x0000000712600000|100%| E|CS|TAMS 0x0000000712400000| PB 0x0000000712400000| Complete |  0
| 147|0x0000000712600000, 0x0000000712800000, 0x0000000712800000|100%| E|CS|TAMS 0x0000000712600000| PB 0x0000000712600000| Complete |  0
| 148|0x0000000712800000, 0x0000000712a00000, 0x0000000712a00000|100%| E|CS|TAMS 0x0000000712800000| PB 0x0000000712800000| Complete |  0
| 149|0x0000000712a00000, 0x0000000712c00000, 0x0000000712c00000|100%| E|CS|TAMS 0x0000000712a00000| PB 0x0000000712a00000| Complete |  0
| 150|0x0000000712c00000, 0x0000000712e00000, 0x0000000712e00000|100%| E|CS|TAMS 0x0000000712c00000| PB 0x0000000712c00000| Complete |  0
| 151|0x0000000712e00000, 0x0000000713000000, 0x0000000713000000|100%| E|CS|TAMS 0x0000000712e00000| PB 0x0000000712e00000| Complete |  0
| 152|0x0000000713000000, 0x0000000713200000, 0x0000000713200000|100%| E|CS|TAMS 0x0000000713000000| PB 0x0000000713000000| Complete |  0
| 153|0x0000000713200000, 0x0000000713400000, 0x0000000713400000|100%| E|CS|TAMS 0x0000000713200000| PB 0x0000000713200000| Complete |  0
| 154|0x0000000713400000, 0x0000000713600000, 0x0000000713600000|100%| E|CS|TAMS 0x0000000713400000| PB 0x0000000713400000| Complete |  0
| 155|0x0000000713600000, 0x0000000713800000, 0x0000000713800000|100%| E|CS|TAMS 0x0000000713600000| PB 0x0000000713600000| Complete |  0
| 156|0x0000000713800000, 0x0000000713a00000, 0x0000000713a00000|100%| E|CS|TAMS 0x0000000713800000| PB 0x0000000713800000| Complete |  0
| 157|0x0000000713a00000, 0x0000000713c00000, 0x0000000713c00000|100%| E|CS|TAMS 0x0000000713a00000| PB 0x0000000713a00000| Complete |  0
| 158|0x0000000713c00000, 0x0000000713e00000, 0x0000000713e00000|100%| E|CS|TAMS 0x0000000713c00000| PB 0x0000000713c00000| Complete |  0
| 159|0x0000000713e00000, 0x0000000714000000, 0x0000000714000000|100%| E|CS|TAMS 0x0000000713e00000| PB 0x0000000713e00000| Complete |  0
| 160|0x0000000714000000, 0x0000000714200000, 0x0000000714200000|100%| E|CS|TAMS 0x0000000714000000| PB 0x0000000714000000| Complete |  0
| 161|0x0000000714200000, 0x0000000714400000, 0x0000000714400000|100%| E|CS|TAMS 0x0000000714200000| PB 0x0000000714200000| Complete |  0
| 162|0x0000000714400000, 0x0000000714600000, 0x0000000714600000|100%| E|CS|TAMS 0x0000000714400000| PB 0x0000000714400000| Complete |  0
| 163|0x0000000714600000, 0x0000000714800000, 0x0000000714800000|100%| E|CS|TAMS 0x0000000714600000| PB 0x0000000714600000| Complete |  0
| 164|0x0000000714800000, 0x0000000714a00000, 0x0000000714a00000|100%| E|CS|TAMS 0x0000000714800000| PB 0x0000000714800000| Complete |  0
| 165|0x0000000714a00000, 0x0000000714c00000, 0x0000000714c00000|100%| E|CS|TAMS 0x0000000714a00000| PB 0x0000000714a00000| Complete |  0
| 166|0x0000000714c00000, 0x0000000714e00000, 0x0000000714e00000|100%| E|CS|TAMS 0x0000000714c00000| PB 0x0000000714c00000| Complete |  0
| 167|0x0000000714e00000, 0x0000000715000000, 0x0000000715000000|100%| E|CS|TAMS 0x0000000714e00000| PB 0x0000000714e00000| Complete |  0
| 168|0x0000000715000000, 0x0000000715200000, 0x0000000715200000|100%| E|CS|TAMS 0x0000000715000000| PB 0x0000000715000000| Complete |  0
| 169|0x0000000715200000, 0x0000000715400000, 0x0000000715400000|100%| E|CS|TAMS 0x0000000715200000| PB 0x0000000715200000| Complete |  0
| 170|0x0000000715400000, 0x0000000715600000, 0x0000000715600000|100%| E|CS|TAMS 0x0000000715400000| PB 0x0000000715400000| Complete |  0
|2039|0x00000007fee00000, 0x00000007ff000000, 0x00000007ff000000|100%| O|  |TAMS 0x00000007fefd7740| PB 0x00000007fee00000| Untracked |  0
|2040|0x00000007ff000000, 0x00000007ff200000, 0x00000007ff200000|100%| O|  |TAMS 0x00000007ff200000| PB 0x00000007ff000000| Untracked |  0
|2041|0x00000007ff200000, 0x00000007ff400000, 0x00000007ff400000|100%| O|  |TAMS 0x00000007ff400000| PB 0x00000007ff200000| Untracked |  0
|2042|0x00000007ff400000, 0x00000007ff600000, 0x00000007ff600000|100%| O|  |TAMS 0x00000007ff600000| PB 0x00000007ff400000| Untracked |  0
|2043|0x00000007ff600000, 0x00000007ff800000, 0x00000007ff800000|100%| E|CS|TAMS 0x00000007ff600000| PB 0x00000007ff600000| Complete |  0
|2044|0x00000007ff800000, 0x00000007ffa00000, 0x00000007ffa00000|100%| O|  |TAMS 0x00000007ffa00000| PB 0x00000007ff800000| Untracked |  0
|2045|0x00000007ffa00000, 0x00000007ffc00000, 0x00000007ffc00000|100%| O|  |TAMS 0x00000007ffc00000| PB 0x00000007ffa00000| Untracked |  0
|2046|0x00000007ffc00000, 0x00000007ffe00000, 0x00000007ffe00000|100%| E|CS|TAMS 0x00000007ffc00000| PB 0x00000007ffc00000| Complete |  0
|2047|0x00000007ffe00000, 0x0000000800000000, 0x0000000800000000|100%| E|CS|TAMS 0x00000007ffe00000| PB 0x00000007ffe00000| Complete |  0

Card table byte_map: [0x0000028e48bd0000,0x0000028e493d0000] _byte_map_base: 0x0000028e453d0000

Marking Bits: (CMBitMap*) 0x0000028e33a416f0
 Bits: [0x0000028e493d0000, 0x0000028e4d3d0000)

Polling page: 0x0000028e387b0000

Metaspace:
Metaspace        used 73210K, committed 75072K, reserved 1114112K
 class space     used 10519K, committed 11392K, reserved 1048576K

Usage:
  Non-class:     61.22 MB used.
      Class:     10.27 MB used.
       Both:     71.49 MB used.

Virtual space:
  Non-class space:       64.00 MB reserved,      62.19 MB ( 97%) committed,  1 nodes.
      Class space:        1.00 GB reserved,      11.12 MB (  1%) committed,  1 nodes.
             Both:        1.06 GB reserved,      73.31 MB (  7%) committed. 

Chunk freelists:
   Non-Class:  1.48 MB
       Class:  4.88 MB
        Both:  6.37 MB

MaxMetaspaceSize: unlimited
CompressedClassSpaceSize: 1.00 GB
Initial GC threshold: 21.00 MB
Current GC threshold: 122.12 MB
CDS: off
 - commit_granule_bytes: 65536.
 - commit_granule_words: 8192.
 - virtual_space_node_default_size: 8388608.
 - enlarge_chunks_in_place: 1.
UseCompressedClassPointers 1, UseCompactObjectHeaders 0
Narrow klass pointer bits 32, Max shift 3
Narrow klass base: 0x0000000000000000, Narrow klass shift: 0
Encoding Range: [0x0000000000000000 - 0x0000000100000000), (4294967296 bytes)
Klass Range:    [0x00000000bf000000 - 0x00000000ff000000), (1073741824 bytes)
Klass ID Range:  [3204448256 - 4278190073) (1073741817)
No protection zone.


Internal statistics:

num_allocs_failed_limit: 9.
num_arena_births: 3422.
num_arena_deaths: 14.
num_vsnodes_births: 2.
num_vsnodes_deaths: 0.
num_space_committed: 1173.
num_space_uncommitted: 0.
num_chunks_returned_to_freelist: 39.
num_chunks_taken_from_freelist: 6320.
num_chunk_merges: 11.
num_chunk_splits: 4170.
num_chunks_enlarged: 2631.
num_inconsistent_stats: 0.

CodeHeap 'non-profiled nmethods': size=120064Kb used=4478Kb max_used=4478Kb free=115586Kb
 bounds [0x0000028e40420000, 0x0000028e40880000, 0x0000028e47960000]
CodeHeap 'profiled nmethods': size=120064Kb used=11618Kb max_used=12460Kb free=108445Kb
 bounds [0x0000028e38940000, 0x0000028e39570000, 0x0000028e3fe80000]
CodeHeap 'non-nmethods': size=5760Kb used=1974Kb max_used=2153Kb free=3785Kb
 bounds [0x0000028e3fe80000, 0x0000028e400f0000, 0x0000028e40420000]
CodeCache: size=245888Kb, used=18070Kb, max_used=19091Kb, free=227816Kb
 total_blobs=9427, nmethods=8590, adapters=737, full_count=0
Compilation: enabled, stopped_count=0, restarted_count=0

Compilation events (20 events):
Event: 21.846 Thread 0x0000028e4fedde90 11275       3       java.lang.StringUTF16::replace (172 bytes)
Event: 21.847 Thread 0x0000028e4fedde90 nmethod 11275 0x0000028e3902bf88 code [0x0000028e3902c080, 0x0000028e3902ca60]
Event: 22.064 Thread 0x0000028e4fedde90 11276       2       org.gradle.internal.logging.progress.DefaultProgressLoggerFactory$ProgressLoggerImpl::completed (61 bytes)
Event: 22.064 Thread 0x0000028e4fedde90 nmethod 11276 0x0000028e38e97a08 code [0x0000028e38e97b00, 0x0000028e38e97f68]
Event: 22.105 Thread 0x0000028e50666ad0 nmethod 11216 0x0000028e40871b88 code [0x0000028e40871c80, 0x0000028e4087cdd8]
Event: 22.106 Thread 0x0000028e50666ad0 11240       4       org.objectweb.asm.ClassWriter::visit (160 bytes)
Event: 22.113 Thread 0x0000028e50666ad0 nmethod 11240 0x0000028e4087ce08 code [0x0000028e4087cf00, 0x0000028e4087d620]
Event: 22.113 Thread 0x0000028e50666ad0 11177       4       org.objectweb.asm.commons.AnnotationRemapper::visit (18 bytes)
Event: 22.115 Thread 0x0000028e50666ad0 nmethod 11177 0x0000028e4087d688 code [0x0000028e4087d780, 0x0000028e4087d8e0]
Event: 22.115 Thread 0x0000028e50666ad0 11222       4       org.objectweb.asm.MethodVisitor::visitIincInsn (17 bytes)
Event: 22.116 Thread 0x0000028e50666ad0 nmethod 11222 0x0000028e4087d988 code [0x0000028e4087da80, 0x0000028e4087db48]
Event: 22.116 Thread 0x0000028e50666ad0 11193       4       org.objectweb.asm.signature.SignatureWriter::visitReturnType (33 bytes)
Event: 22.123 Thread 0x0000028e50666ad0 nmethod 11193 0x0000028e4087dc88 code [0x0000028e4087dd80, 0x0000028e4087e688]
Event: 22.123 Thread 0x0000028e50666ad0 11225       4       org.objectweb.asm.ClassWriter::<init> (45 bytes)
Event: 22.128 Thread 0x0000028e50666ad0 nmethod 11225 0x0000028e4087e708 code [0x0000028e4087e800, 0x0000028e4087ef50]
Event: 22.128 Thread 0x0000028e50666ad0 11233       4       org.objectweb.asm.SymbolTable::<init> (41 bytes)
Event: 22.131 Thread 0x0000028e50666ad0 nmethod 11233 0x0000028e4087ef88 code [0x0000028e4087f080, 0x0000028e4087f7e0]
Event: 22.131 Thread 0x0000028e50666ad0 11245       4       org.apache.commons.compress.archivers.zip.ZipArchiveOutputStream::closeArchiveEntry (85 bytes)
Event: 22.136 Thread 0x0000028e4fedde90 11277       2       java.util.concurrent.locks.LockSupport::park (29 bytes)
Event: 22.137 Thread 0x0000028e4fedde90 nmethod 11277 0x0000028e390c7c08 code [0x0000028e390c7d00, 0x0000028e390c7f90]

GC Heap Usage History (20 events):
Event: 18.769 {heap Before GC invocations=57 (full 0):
 garbage-first heap   total reserved 4194304K, committed 260096K, used 239308K [0x0000000700000000, 0x0000000800000000)
  region size 2048K, 69 young (141312K), 7 survivors (14336K)
}
Event: 18.777 {heap After GC invocations=58 (full 0):
 garbage-first heap   total reserved 4194304K, committed 262144K, used 114648K [0x0000000700000000, 0x0000000800000000)
  region size 2048K, 8 young (16384K), 8 survivors (16384K)
}
Event: 19.152 {heap Before GC invocations=58 (full 0):
 garbage-first heap   total reserved 4194304K, committed 262144K, used 241624K [0x0000000700000000, 0x0000000800000000)
  region size 2048K, 70 young (143360K), 8 survivors (16384K)
}
Event: 19.161 {heap After GC invocations=59 (full 0):
 garbage-first heap   total reserved 4194304K, committed 268288K, used 122751K [0x0000000700000000, 0x0000000800000000)
  region size 2048K, 9 young (18432K), 9 survivors (18432K)
}
Event: 19.546 {heap Before GC invocations=60 (full 0):
 garbage-first heap   total reserved 4194304K, committed 268288K, used 247679K [0x0000000700000000, 0x0000000800000000)
  region size 2048K, 70 young (143360K), 9 survivors (18432K)
}
Event: 19.552 {heap After GC invocations=61 (full 0):
 garbage-first heap   total reserved 4194304K, committed 272384K, used 127397K [0x0000000700000000, 0x0000000800000000)
  region size 2048K, 8 young (16384K), 8 survivors (16384K)
}
Event: 19.859 {heap Before GC invocations=61 (full 0):
 garbage-first heap   total reserved 4194304K, committed 272384K, used 252325K [0x0000000700000000, 0x0000000800000000)
  region size 2048K, 69 young (141312K), 8 survivors (16384K)
}
Event: 19.866 {heap After GC invocations=62 (full 0):
 garbage-first heap   total reserved 4194304K, committed 278528K, used 114313K [0x0000000700000000, 0x0000000800000000)
  region size 2048K, 7 young (14336K), 7 survivors (14336K)
}
Event: 20.083 {heap Before GC invocations=62 (full 0):
 garbage-first heap   total reserved 4194304K, committed 278528K, used 253577K [0x0000000700000000, 0x0000000800000000)
  region size 2048K, 76 young (155648K), 7 survivors (14336K)
}
Event: 20.089 {heap After GC invocations=63 (full 0):
 garbage-first heap   total reserved 4194304K, committed 335872K, used 121517K [0x0000000700000000, 0x0000000800000000)
  region size 2048K, 7 young (14336K), 7 survivors (14336K)
}
Event: 20.664 {heap Before GC invocations=64 (full 0):
 garbage-first heap   total reserved 4194304K, committed 335872K, used 305837K [0x0000000700000000, 0x0000000800000000)
  region size 2048K, 97 young (198656K), 7 survivors (14336K)
}
Event: 20.668 {heap After GC invocations=65 (full 0):
 garbage-first heap   total reserved 4194304K, committed 335872K, used 131149K [0x0000000700000000, 0x0000000800000000)
  region size 2048K, 12 young (24576K), 12 survivors (24576K)
}
Event: 20.886 {heap Before GC invocations=65 (full 0):
 garbage-first heap   total reserved 4194304K, committed 335872K, used 307277K [0x0000000700000000, 0x0000000800000000)
  region size 2048K, 98 young (200704K), 12 survivors (24576K)
}
Event: 20.895 {heap After GC invocations=66 (full 0):
 garbage-first heap   total reserved 4194304K, committed 342016K, used 126188K [0x0000000700000000, 0x0000000800000000)
  region size 2048K, 9 young (18432K), 9 survivors (18432K)
}
Event: 21.180 {heap Before GC invocations=66 (full 0):
 garbage-first heap   total reserved 4194304K, committed 342016K, used 310508K [0x0000000700000000, 0x0000000800000000)
  region size 2048K, 100 young (204800K), 9 survivors (18432K)
}
Event: 21.188 {heap After GC invocations=67 (full 0):
 garbage-first heap   total reserved 4194304K, committed 346112K, used 138348K [0x0000000700000000, 0x0000000800000000)
  region size 2048K, 11 young (22528K), 11 survivors (22528K)
}
Event: 21.586 {heap Before GC invocations=68 (full 0):
 garbage-first heap   total reserved 4194304K, committed 346112K, used 320620K [0x0000000700000000, 0x0000000800000000)
  region size 2048K, 100 young (204800K), 11 survivors (22528K)
}
Event: 21.596 {heap After GC invocations=69 (full 0):
 garbage-first heap   total reserved 4194304K, committed 354304K, used 148377K [0x0000000700000000, 0x0000000800000000)
  region size 2048K, 12 young (24576K), 12 survivors (24576K)
}
Event: 21.951 {heap Before GC invocations=69 (full 0):
 garbage-first heap   total reserved 4194304K, committed 354304K, used 324505K [0x0000000700000000, 0x0000000800000000)
  region size 2048K, 99 young (202752K), 12 survivors (24576K)
}
Event: 21.965 {heap After GC invocations=70 (full 0):
 garbage-first heap   total reserved 4194304K, committed 368640K, used 149341K [0x0000000700000000, 0x0000000800000000)
  region size 2048K, 12 young (24576K), 12 survivors (24576K)
}

Metaspace Usage History (20 events):
Event: 18.769 {metaspace Before GC invocations=57 (full 0):
 Metaspace       used 73181K, committed 75008K, reserved 1114112K
  class space    used 10519K, committed 11392K, reserved 1048576K
}
Event: 18.777 {metaspace After GC invocations=58 (full 0):
 Metaspace       used 73181K, committed 75008K, reserved 1114112K
  class space    used 10519K, committed 11392K, reserved 1048576K
}
Event: 19.152 {metaspace Before GC invocations=58 (full 0):
 Metaspace       used 73184K, committed 75008K, reserved 1114112K
  class space    used 10519K, committed 11392K, reserved 1048576K
}
Event: 19.161 {metaspace After GC invocations=59 (full 0):
 Metaspace       used 73184K, committed 75008K, reserved 1114112K
  class space    used 10519K, committed 11392K, reserved 1048576K
}
Event: 19.546 {metaspace Before GC invocations=60 (full 0):
 Metaspace       used 73185K, committed 75008K, reserved 1114112K
  class space    used 10519K, committed 11392K, reserved 1048576K
}
Event: 19.552 {metaspace After GC invocations=61 (full 0):
 Metaspace       used 73185K, committed 75008K, reserved 1114112K
  class space    used 10519K, committed 11392K, reserved 1048576K
}
Event: 19.859 {metaspace Before GC invocations=61 (full 0):
 Metaspace       used 73186K, committed 75008K, reserved 1114112K
  class space    used 10519K, committed 11392K, reserved 1048576K
}
Event: 19.866 {metaspace After GC invocations=62 (full 0):
 Metaspace       used 73186K, committed 75008K, reserved 1114112K
  class space    used 10519K, committed 11392K, reserved 1048576K
}
Event: 20.083 {metaspace Before GC invocations=62 (full 0):
 Metaspace       used 73186K, committed 75008K, reserved 1114112K
  class space    used 10519K, committed 11392K, reserved 1048576K
}
Event: 20.089 {metaspace After GC invocations=63 (full 0):
 Metaspace       used 73186K, committed 75008K, reserved 1114112K
  class space    used 10519K, committed 11392K, reserved 1048576K
}
Event: 20.664 {metaspace Before GC invocations=64 (full 0):
 Metaspace       used 73188K, committed 75008K, reserved 1114112K
  class space    used 10519K, committed 11392K, reserved 1048576K
}
Event: 20.668 {metaspace After GC invocations=65 (full 0):
 Metaspace       used 73188K, committed 75008K, reserved 1114112K
  class space    used 10519K, committed 11392K, reserved 1048576K
}
Event: 20.886 {metaspace Before GC invocations=65 (full 0):
 Metaspace       used 73195K, committed 75008K, reserved 1114112K
  class space    used 10519K, committed 11392K, reserved 1048576K
}
Event: 20.895 {metaspace After GC invocations=66 (full 0):
 Metaspace       used 73195K, committed 75008K, reserved 1114112K
  class space    used 10519K, committed 11392K, reserved 1048576K
}
Event: 21.180 {metaspace Before GC invocations=66 (full 0):
 Metaspace       used 73196K, committed 75008K, reserved 1114112K
  class space    used 10519K, committed 11392K, reserved 1048576K
}
Event: 21.188 {metaspace After GC invocations=67 (full 0):
 Metaspace       used 73196K, committed 75008K, reserved 1114112K
  class space    used 10519K, committed 11392K, reserved 1048576K
}
Event: 21.586 {metaspace Before GC invocations=68 (full 0):
 Metaspace       used 73202K, committed 75008K, reserved 1114112K
  class space    used 10519K, committed 11392K, reserved 1048576K
}
Event: 21.596 {metaspace After GC invocations=69 (full 0):
 Metaspace       used 73202K, committed 75008K, reserved 1114112K
  class space    used 10519K, committed 11392K, reserved 1048576K
}
Event: 21.951 {metaspace Before GC invocations=69 (full 0):
 Metaspace       used 73209K, committed 75072K, reserved 1114112K
  class space    used 10519K, committed 11392K, reserved 1048576K
}
Event: 21.965 {metaspace After GC invocations=70 (full 0):
 Metaspace       used 73209K, committed 75072K, reserved 1114112K
  class space    used 10519K, committed 11392K, reserved 1048576K
}

Dll operation events (3 events):
Event: 0.015 Loaded shared library C:\Program Files\Android\Android Studio\jbr\bin\java.dll
Event: 0.023 Loaded shared library C:\Program Files\Android\Android Studio\jbr\bin\zip.dll
Event: 0.932 Loaded shared library C:\Program Files\Android\Android Studio\jbr\bin\verify.dll

Deoptimization events (20 events):
Event: 20.610 Thread 0x0000028e56c7ec90 Uncommon trap: trap_request=0xffffff45 fr.pc=0x0000028e4074abd8 relative=0x00000000000009d8
Event: 20.610 Thread 0x0000028e56c7ec90 Uncommon trap: reason=unstable_if action=reinterpret pc=0x0000028e4074abd8 method=org.objectweb.asm.FieldWriter.putFieldInfo(Lorg/objectweb/asm/ByteVector;)V @ 9 c2
Event: 20.610 Thread 0x0000028e56c7ec90 DEOPT PACKING pc=0x0000028e4074abd8 sp=0x000000c8ccdf7220
Event: 20.610 Thread 0x0000028e56c7ec90 DEOPT UNPACKING pc=0x0000028e3ff94f82 sp=0x000000c8ccdf71d0 mode 2
Event: 20.610 Thread 0x0000028e56c7ec90 Uncommon trap: trap_request=0xffffff45 fr.pc=0x0000028e40828268 relative=0x0000000000002868
Event: 20.610 Thread 0x0000028e56c7ec90 Uncommon trap: reason=unstable_if action=reinterpret pc=0x0000028e40828268 method=org.objectweb.asm.MethodWriter.putMethodInfo(Lorg/objectweb/asm/ByteVector;)V @ 9 c2
Event: 20.610 Thread 0x0000028e56c7ec90 DEOPT PACKING pc=0x0000028e40828268 sp=0x000000c8ccdf71f0
Event: 20.610 Thread 0x0000028e56c7ec90 DEOPT UNPACKING pc=0x0000028e3ff94f82 sp=0x000000c8ccdf71b0 mode 2
Event: 20.813 Thread 0x0000028e57efb9d0 Uncommon trap: trap_request=0xffffffde fr.pc=0x0000028e4077cc94 relative=0x0000000000008794
Event: 20.813 Thread 0x0000028e57efb9d0 Uncommon trap: reason=class_check action=maybe_recompile pc=0x0000028e4077cc94 method=org.objectweb.asm.ClassReader.readCode(Lorg/objectweb/asm/MethodVisitor;Lorg/objectweb/asm/Context;I)V @ 3615 c2
Event: 20.813 Thread 0x0000028e57efb9d0 DEOPT PACKING pc=0x0000028e4077cc94 sp=0x000000c8ce2fdd80
Event: 20.813 Thread 0x0000028e57efb9d0 DEOPT UNPACKING pc=0x0000028e3ff94f82 sp=0x000000c8ce2fdcf8 mode 2
Event: 20.818 Thread 0x0000028e57efb9d0 Uncommon trap: trap_request=0xffffffde fr.pc=0x0000028e4077cc94 relative=0x0000000000008794
Event: 20.818 Thread 0x0000028e57efb9d0 Uncommon trap: reason=class_check action=maybe_recompile pc=0x0000028e4077cc94 method=org.objectweb.asm.ClassReader.readCode(Lorg/objectweb/asm/MethodVisitor;Lorg/objectweb/asm/Context;I)V @ 3615 c2
Event: 20.818 Thread 0x0000028e57efb9d0 DEOPT PACKING pc=0x0000028e4077cc94 sp=0x000000c8ce2fdd80
Event: 20.818 Thread 0x0000028e57efb9d0 DEOPT UNPACKING pc=0x0000028e3ff94f82 sp=0x000000c8ce2fdcf8 mode 2
Event: 20.977 Thread 0x0000028e56c7ec90 DEOPT PACKING pc=0x0000028e390b373b sp=0x000000c8ccdf7710
Event: 20.977 Thread 0x0000028e56c7ec90 DEOPT UNPACKING pc=0x0000028e3fed1702 sp=0x000000c8ccdf6c30 mode 0
Event: 21.846 Thread 0x0000028e57efb9d0 DEOPT PACKING pc=0x0000028e38fb8805 sp=0x000000c8ce2fdcd0
Event: 21.846 Thread 0x0000028e57efb9d0 DEOPT UNPACKING pc=0x0000028e3fed1702 sp=0x000000c8ce2fd168 mode 0

Classes loaded (20 events):
Event: 15.446 Loading class sun/misc/Unsafe$MemoryAccessOption
Event: 15.446 Loading class sun/misc/Unsafe$MemoryAccessOption done
Event: 15.447 Loading class sun/misc/Unsafe$StackWalkerHolder
Event: 15.447 Loading class sun/misc/Unsafe$StackWalkerHolder done
Event: 15.447 Loading class java/lang/StackWalker$Option
Event: 15.447 Loading class java/lang/StackWalker$Option done
Event: 15.448 Loading class java/lang/StackStreamFactory
Event: 15.448 Loading class java/lang/StackStreamFactory done
Event: 15.448 Loading class java/lang/StackWalker$ExtendedOption
Event: 15.448 Loading class java/lang/StackWalker$ExtendedOption done
Event: 15.448 Loading class java/lang/StackStreamFactory$StackFrameTraverser
Event: 15.449 Loading class java/lang/StackStreamFactory$StackFrameTraverser done
Event: 15.449 Loading class java/lang/StackStreamFactory$WalkerState
Event: 15.449 Loading class java/lang/StackStreamFactory$WalkerState done
Event: 15.449 Loading class java/lang/StackStreamFactory$StackFrameBuffer
Event: 15.449 Loading class java/lang/StackStreamFactory$FrameBuffer
Event: 15.449 Loading class java/lang/StackStreamFactory$FrameBuffer done
Event: 15.449 Loading class java/lang/StackStreamFactory$StackFrameBuffer done
Event: 15.543 Loading class java/util/regex/Pattern$Caret
Event: 15.544 Loading class java/util/regex/Pattern$Caret done

Classes unloaded (20 events):
Event: 10.372 Thread 0x0000028e4fe76f70 Unloading class 0x00000000bf9b0000 'TestEventLogger'
Event: 16.353 Thread 0x0000028e4fe76f70 Unloading class 0x00000000bfaea860 '_BuildScript_'
Event: 16.353 Thread 0x0000028e4fe76f70 Unloading class 0x00000000bfaea430 'SetupUtpTestResultListenerAction$_execute_closure1$_closure2'
Event: 16.353 Thread 0x0000028e4fe76f70 Unloading class 0x00000000bfaea000 'SetupUtpTestResultListenerAction$_execute_closure1'
Event: 16.353 Thread 0x0000028e4fe76f70 Unloading class 0x00000000bfae9c00 'SetupUtpTestResultListenerAction'
Event: 16.353 Thread 0x0000028e4fe76f70 Unloading class 0x00000000bfae3850 '_BuildScript_$_run_closure1$_closure3'
Event: 16.353 Thread 0x0000028e4fe76f70 Unloading class 0x00000000bfae3428 '_BuildScript_$_run_closure1$_closure2'
Event: 16.353 Thread 0x0000028e4fe76f70 Unloading class 0x00000000bfae3000 '_BuildScript_$_run_closure1'
Event: 16.353 Thread 0x0000028e4fe76f70 Unloading class 0x00000000bfae2940 '_BuildScript_'
Event: 16.353 Thread 0x0000028e4fe76f70 Unloading class 0x00000000bfae2518 'KotlinCoroutineJvmDebugArgumentsProvider$_asArguments_closure1'
Event: 16.353 Thread 0x0000028e4fe76f70 Unloading class 0x00000000bfae2240 'KotlinCoroutineJvmDebugArgumentsProvider'
Event: 16.353 Thread 0x0000028e4fe76f70 Unloading class 0x00000000bfae2000 'Properties'
Event: 16.353 Thread 0x0000028e4fe76f70 Unloading class 0x00000000bfae0960 '_BuildScript_$_run_closure1$_closure2'
Event: 16.353 Thread 0x0000028e4fe76f70 Unloading class 0x00000000bfae0538 '_BuildScript_$_run_closure1'
Event: 16.353 Thread 0x0000028e4fe76f70 Unloading class 0x00000000bfae0000 '_BuildScript_'
Event: 16.353 Thread 0x0000028e4fe76f70 Unloading class 0x00000000bfad5430 '_BuildScript_$_run_closure1$_closure2$_closure4'
Event: 16.353 Thread 0x0000028e4fe76f70 Unloading class 0x00000000bfad5000 '_BuildScript_$_run_closure1$_closure2$_closure3'
Event: 16.353 Thread 0x0000028e4fe76f70 Unloading class 0x00000000bfad4960 '_BuildScript_$_run_closure1$_closure2'
Event: 16.353 Thread 0x0000028e4fe76f70 Unloading class 0x00000000bfad4538 '_BuildScript_$_run_closure1'
Event: 16.353 Thread 0x0000028e4fe76f70 Unloading class 0x00000000bfad4000 '_BuildScript_'

Classes redefined (0 events):
No events

Internal exceptions (20 events):
Event: 15.241 Thread 0x0000028e56c7ec90 Exception <a 'sun/nio/fs/WindowsException'{0x0000000704b84b80}> (0x0000000704b84b80) 
thrown [s\src\hotspot\share\prims\jni.cpp, line 535]
Event: 15.241 Thread 0x0000028e56c7ec90 Exception <a 'sun/nio/fs/WindowsException'{0x0000000704b85cf0}> (0x0000000704b85cf0) 
thrown [s\src\hotspot\share\prims\jni.cpp, line 535]
Event: 15.243 Thread 0x0000028e56c7ec90 Exception <a 'java/lang/NoSuchMethodError'{0x0000000704ba0bd8}: 'java.lang.Object java.lang.invoke.Invokers$Holder.invoker(java.lang.Object, java.lang.Object, java.lang.Object, java.lang.Object, java.lang.Object, java.lang.Object)'> (0x0000000704ba0bd8) 
thrown [s\src\hotspot\share\interpreter\linkResolver.cpp, line 815]
Event: 15.268 Thread 0x0000028e56c7ec90 Exception <a 'java/lang/NoSuchMethodError'{0x00000007048bf3b8}: 'java.lang.Object java.lang.invoke.Invokers$Holder.invoker(java.lang.Object, java.lang.Object, java.lang.Object, java.lang.Object, java.lang.Object, java.lang.Object, java.lang.Object, java.lang.Object, java.lang.Object, java.lang.Object, java.lang.Object, java.lang.Object, java.lang.Object, java.lang.Object, java.lang.Object, java.lang.Object, java.lang.Object, java.lang.Object, java.lang.Object, java.lang.Object, java.lang.Object, java.lang.
Event: 15.269 Thread 0x0000028e56c7ec90 Exception <a 'java/lang/NoSuchMethodError'{0x00000007048ca620}: 'java.lang.Object java.lang.invoke.DelegatingMethodHandle$Holder.delegate(java.lang.Object, java.lang.Object, java.lang.Object, java.lang.Object, java.lang.Object, java.lang.Object, java.lang.Object, java.lang.Object, java.lang.Object, java.lang.Object, java.lang.Object, java.lang.Object, java.lang.Object, java.lang.Object, java.lang.Object, java.lang.Object, java.lang.Object, java.lang.Object, java.lang.Object, java.lang.Object, java.lang.Obj
Event: 15.285 Thread 0x0000028e56c7ec90 Exception <a 'sun/nio/fs/WindowsException'{0x000000070467a9d0}> (0x000000070467a9d0) 
thrown [s\src\hotspot\share\prims\jni.cpp, line 535]
Event: 15.285 Thread 0x0000028e56c7ec90 Exception <a 'sun/nio/fs/WindowsException'{0x000000070467ca80}> (0x000000070467ca80) 
thrown [s\src\hotspot\share\prims\jni.cpp, line 535]
Event: 15.294 Thread 0x0000028e56c7ec90 Exception <a 'sun/nio/fs/WindowsException'{0x00000007046e60f8}> (0x00000007046e60f8) 
thrown [s\src\hotspot\share\prims\jni.cpp, line 535]
Event: 15.295 Thread 0x0000028e56c7ec90 Exception <a 'sun/nio/fs/WindowsException'{0x00000007046e81a8}> (0x00000007046e81a8) 
thrown [s\src\hotspot\share\prims\jni.cpp, line 535]
Event: 15.409 Thread 0x0000028e56c7ec90 Exception <a 'sun/nio/fs/WindowsException'{0x000000070802d590}> (0x000000070802d590) 
thrown [s\src\hotspot\share\prims\jni.cpp, line 535]
Event: 15.410 Thread 0x0000028e56c7ec90 Exception <a 'sun/nio/fs/WindowsException'{0x0000000708035cb8}> (0x0000000708035cb8) 
thrown [s\src\hotspot\share\prims\jni.cpp, line 535]
Event: 15.431 Thread 0x0000028e56c7ec90 Exception <a 'sun/nio/fs/WindowsException'{0x000000070810da60}> (0x000000070810da60) 
thrown [s\src\hotspot\share\prims\jni.cpp, line 535]
Event: 15.432 Thread 0x0000028e56c7ec90 Exception <a 'sun/nio/fs/WindowsException'{0x000000070810f110}> (0x000000070810f110) 
thrown [s\src\hotspot\share\prims\jni.cpp, line 535]
Event: 15.449 Thread 0x0000028e56c7ec90 Implicit null exception at 0x0000028e4071f2a1 to 0x0000028e4071f3ec
Event: 15.468 Thread 0x0000028e57efa260 Implicit null exception at 0x0000028e40654948 to 0x0000028e40654d28
Event: 15.468 Thread 0x0000028e57efa260 Implicit null exception at 0x0000028e4069befe to 0x0000028e4069d210
Event: 15.469 Thread 0x0000028e57efa260 Implicit null exception at 0x0000028e40693bdb to 0x0000028e40693e24
Event: 15.469 Thread 0x0000028e57efa260 Implicit null exception at 0x0000028e405a04e1 to 0x0000028e405a0890
Event: 15.469 Thread 0x0000028e57efa260 Implicit null exception at 0x0000028e40639bf4 to 0x0000028e4063a8d8
Event: 15.470 Thread 0x0000028e57efaa30 Implicit null exception at 0x0000028e4076c2cd to 0x0000028e4076c648

VM Operations (20 events):
Event: 20.083 Executing safepoint VM operation: G1CollectForAllocation (G1 Evacuation Pause)
Event: 20.089 Executing safepoint VM operation: G1CollectForAllocation (G1 Evacuation Pause) done
Event: 20.197 Executing safepoint VM operation: G1PauseRemark
Event: 20.200 Executing safepoint VM operation: G1PauseRemark done
Event: 20.235 Executing safepoint VM operation: G1PauseCleanup
Event: 20.246 Executing safepoint VM operation: G1PauseCleanup done
Event: 20.663 Executing safepoint VM operation: G1CollectForAllocation (G1 Evacuation Pause)
Event: 20.668 Executing safepoint VM operation: G1CollectForAllocation (G1 Evacuation Pause) done
Event: 20.886 Executing safepoint VM operation: G1CollectForAllocation (G1 Evacuation Pause)
Event: 20.895 Executing safepoint VM operation: G1CollectForAllocation (G1 Evacuation Pause) done
Event: 21.180 Executing safepoint VM operation: G1CollectForAllocation (G1 Evacuation Pause)
Event: 21.188 Executing safepoint VM operation: G1CollectForAllocation (G1 Evacuation Pause) done
Event: 21.290 Executing safepoint VM operation: G1PauseRemark
Event: 21.294 Executing safepoint VM operation: G1PauseRemark done
Event: 21.327 Executing safepoint VM operation: G1PauseCleanup
Event: 21.327 Executing safepoint VM operation: G1PauseCleanup done
Event: 21.586 Executing safepoint VM operation: G1CollectForAllocation (G1 Evacuation Pause)
Event: 21.596 Executing safepoint VM operation: G1CollectForAllocation (G1 Evacuation Pause) done
Event: 21.951 Executing safepoint VM operation: G1CollectForAllocation (G1 Evacuation Pause)
Event: 21.965 Executing safepoint VM operation: G1CollectForAllocation (G1 Evacuation Pause) done

Memory protections (0 events):
No events

Nmethod flushes (20 events):
Event: 21.293 Thread 0x0000028e4fe76f70 flushing  nmethod 0x0000028e39382008
Event: 21.293 Thread 0x0000028e4fe76f70 flushing  nmethod 0x0000028e39386c88
Event: 21.293 Thread 0x0000028e4fe76f70 flushing  nmethod 0x0000028e39387088
Event: 21.293 Thread 0x0000028e4fe76f70 flushing  nmethod 0x0000028e39387388
Event: 21.293 Thread 0x0000028e4fe76f70 flushing  nmethod 0x0000028e39387908
Event: 21.293 Thread 0x0000028e4fe76f70 flushing  nmethod 0x0000028e39388408
Event: 21.293 Thread 0x0000028e4fe76f70 flushing  nmethod 0x0000028e39388a88
Event: 21.293 Thread 0x0000028e4fe76f70 flushing  nmethod 0x0000028e393ef508
Event: 21.293 Thread 0x0000028e4fe76f70 flushing  nmethod 0x0000028e38f08c08
Event: 21.293 Thread 0x0000028e4fe76f70 flushing  nmethod 0x0000028e39010408
Event: 21.293 Thread 0x0000028e4fe76f70 flushing  nmethod 0x0000028e39010888
Event: 21.293 Thread 0x0000028e4fe76f70 flushing  nmethod 0x0000028e39010c08
Event: 21.293 Thread 0x0000028e4fe76f70 flushing  nmethod 0x0000028e3936b288
Event: 21.293 Thread 0x0000028e4fe76f70 flushing  nmethod 0x0000028e38b5c008
Event: 21.293 Thread 0x0000028e4fe76f70 flushing  nmethod 0x0000028e393c2808
Event: 21.293 Thread 0x0000028e4fe76f70 flushing  nmethod 0x0000028e393c5708
Event: 21.293 Thread 0x0000028e4fe76f70 flushing  nmethod 0x0000028e3927ac08
Event: 21.293 Thread 0x0000028e4fe76f70 flushing  nmethod 0x0000028e3927c288
Event: 21.293 Thread 0x0000028e4fe76f70 flushing  nmethod 0x0000028e3927ca08
Event: 21.293 Thread 0x0000028e4fe76f70 flushing  nmethod 0x0000028e3927cd88

Events (20 events):
Event: 4.604 Thread 0x0000028e56c7ec90 Thread added: 0x0000028e56c97c50
Event: 4.958 Thread 0x0000028e56c7ec90 Thread added: 0x0000028e57c88160
Event: 5.283 Thread 0x0000028e50668b10 Thread exited: 0x0000028e50668b10
Event: 5.360 Thread 0x0000028e56c7ec90 Thread added: 0x0000028e57c8a0a0
Event: 5.365 Thread 0x0000028e56c7ec90 Thread added: 0x0000028e57c898d0
Event: 5.936 Thread 0x0000028e56c7ec90 Thread added: 0x0000028e57c8bfe0
Event: 5.996 Thread 0x0000028e56c7ec90 Thread added: 0x0000028e57c8cf80
Event: 6.948 Thread 0x0000028e56c7ec90 Thread added: 0x0000028e57c8eec0
Event: 7.518 Thread 0x0000028e56c7ec90 Thread added: 0x0000028e58e62fe0
Event: 8.572 Thread 0x0000028e56c7ec90 Thread added: 0x0000028e58e66690
Event: 9.020 Thread 0x0000028e56c7ec90 Thread added: 0x0000028e58e685d0
Event: 9.214 Thread 0x0000028e56c7ec90 Thread added: 0x0000028e57ef92c0
Event: 9.931 Thread 0x0000028e56c7ec90 Thread added: 0x0000028e57efa260
Event: 9.940 Thread 0x0000028e56c7ec90 Thread added: 0x0000028e57efaa30
Event: 9.945 Thread 0x0000028e56c7ec90 Thread added: 0x0000028e57efb9d0
Event: 10.510 Thread 0x0000028e56c7ec90 Thread added: 0x0000028e57ef9a90
Event: 14.491 Thread 0x0000028e56c7ec90 Thread added: 0x0000028e58e63f80
Event: 14.692 Thread 0x0000028e56c7ec90 Thread added: 0x0000028e58e68da0
Event: 14.910 Thread 0x0000028e56c7ec90 Thread added: 0x0000028e56c93dd0
Event: 15.455 Thread 0x0000028e56c7ec90 Thread added: 0x0000028e564a62f0


Dynamic libraries:
0x00007ff7cc6f0000 - 0x00007ff7cc6fa000 	C:\Program Files\Android\Android Studio\jbr\bin\java.exe
0x00007ffcb5c20000 - 0x00007ffcb5e87000 	C:\Windows\SYSTEM32\ntdll.dll
0x00007ffcb4820000 - 0x00007ffcb48ea000 	C:\Windows\System32\KERNEL32.DLL
0x00007ffcb3540000 - 0x00007ffcb3942000 	C:\Windows\System32\KERNELBASE.dll
0x00007ffcb3020000 - 0x00007ffcb316c000 	C:\Windows\System32\ucrtbase.dll
0x00007ffc4c770000 - 0x00007ffc4c78b000 	C:\Program Files\Android\Android Studio\jbr\bin\VCRUNTIME140.dll
0x00007ffc82fc0000 - 0x00007ffc82fd6000 	C:\Program Files\Android\Android Studio\jbr\bin\jli.dll
0x00007ffcb59e0000 - 0x00007ffcb5baf000 	C:\Windows\System32\USER32.dll
0x00007ffc90560000 - 0x00007ffc907f0000 	C:\Windows\WinSxS\amd64_microsoft.windows.common-controls_6595b64144ccf1df_6.0.26100.9278_none_3e0d1ba8e3303201\COMCTL32.dll
0x00007ffcb3180000 - 0x00007ffcb31a7000 	C:\Windows\System32\win32u.dll
0x00007ffcb4f40000 - 0x00007ffcb4fe9000 	C:\Windows\System32\msvcrt.dll
0x00007ffcb3cc0000 - 0x00007ffcb3ceb000 	C:\Windows\System32\GDI32.dll
0x00007ffcb2ef0000 - 0x00007ffcb3019000 	C:\Windows\System32\gdi32full.dll
0x00007ffcb33d0000 - 0x00007ffcb3473000 	C:\Windows\System32\msvcp_win.dll
0x00007ffcb3c80000 - 0x00007ffcb3cb1000 	C:\Windows\System32\IMM32.DLL
0x00007ffc8c8f0000 - 0x00007ffc8c8fc000 	C:\Program Files\Android\Android Studio\jbr\bin\vcruntime140_1.dll
0x00007ffc3ac90000 - 0x00007ffc3ad1d000 	C:\Program Files\Android\Android Studio\jbr\bin\msvcp140.dll
0x00007ffc38980000 - 0x00007ffc3985d000 	C:\Program Files\Android\Android Studio\jbr\bin\server\jvm.dll
0x00007ffcb3d60000 - 0x00007ffcb3e1c000 	C:\Windows\System32\ADVAPI32.dll
0x00007ffcb4770000 - 0x00007ffcb4819000 	C:\Windows\System32\sechost.dll
0x00007ffcb39a0000 - 0x00007ffcb3ab8000 	C:\Windows\System32\RPCRT4.dll
0x00007ffcb5010000 - 0x00007ffcb5090000 	C:\Windows\System32\WS2_32.dll
0x00007ffcb2be0000 - 0x00007ffcb2c3e000 	C:\Windows\SYSTEM32\POWRPROF.dll
0x00007ffc9dc60000 - 0x00007ffc9dc96000 	C:\Windows\SYSTEM32\WINMM.dll
0x00007ffcab930000 - 0x00007ffcab93b000 	C:\Windows\SYSTEM32\VERSION.dll
0x00007ffcb2ab0000 - 0x00007ffcb2ac5000 	C:\Windows\SYSTEM32\UMPDC.dll
0x00007ffcb1b00000 - 0x00007ffcb1b1b000 	C:\Windows\SYSTEM32\kernel.appcore.dll
0x00007ffc8c120000 - 0x00007ffc8c12a000 	C:\Program Files\Android\Android Studio\jbr\bin\jimage.dll
0x00007ffc9e6b0000 - 0x00007ffc9e8f2000 	C:\Windows\SYSTEM32\DBGHELP.DLL
0x00007ffcb55c0000 - 0x00007ffcb5944000 	C:\Windows\System32\combase.dll
0x00007ffcb50a0000 - 0x00007ffcb5179000 	C:\Windows\System32\OLEAUT32.dll
0x00007ffc9d220000 - 0x00007ffc9d25b000 	C:\Windows\SYSTEM32\dbgcore.DLL
0x00007ffcb2e30000 - 0x00007ffcb2edc000 	C:\Windows\System32\bcryptPrimitives.dll
0x00007ffc93ca0000 - 0x00007ffc93cae000 	C:\Program Files\Android\Android Studio\jbr\bin\instrument.dll
0x00007ffc43ea0000 - 0x00007ffc43ebe000 	C:\Program Files\Android\Android Studio\jbr\bin\java.dll
0x00007ffcb45d0000 - 0x00007ffcb4769000 	C:\Windows\System32\ole32.dll
0x00007ffcb3e30000 - 0x00007ffcb45c8000 	C:\Windows\System32\SHELL32.dll
0x00007ffc43c40000 - 0x00007ffc43c56000 	C:\Program Files\Android\Android Studio\jbr\bin\zip.dll
0x00007ffcb08d0000 - 0x00007ffcb117e000 	C:\Windows\SYSTEM32\windows.storage.dll
0x00007ffcb5180000 - 0x00007ffcb527b000 	C:\Windows\System32\SHCORE.dll
0x00007ffcb3cf0000 - 0x00007ffcb3d56000 	C:\Windows\System32\shlwapi.dll
0x00007ffcb2d50000 - 0x00007ffcb2d79000 	C:\Windows\SYSTEM32\profapi.dll
0x00007ffc8a6e0000 - 0x00007ffc8a6f0000 	C:\Program Files\Android\Android Studio\jbr\bin\net.dll
0x00007ffcb20c0000 - 0x00007ffcb212c000 	C:\Windows\system32\mswsock.dll
0x00007ffc419e0000 - 0x00007ffc419f6000 	C:\Program Files\Android\Android Studio\jbr\bin\nio.dll
0x00007ffc832f0000 - 0x00007ffc83300000 	C:\Program Files\Android\Android Studio\jbr\bin\verify.dll
0x00007ffc881e0000 - 0x00007ffc88207000 	C:\Users\Maxim\.gradle\native\660c5614fbf4a5f2a75b1949f50a0caf5cd603558e7d8a26e50b933a0cfb79d1\windows-amd64\native-platform.dll
0x00007ffc39870000 - 0x00007ffc398e7000 	C:\Users\Maxim\.gradle\native\0.2.8\x86_64-windows-gnu\gradle-fileevents.dll
0x00007ffc89100000 - 0x00007ffc89109000 	C:\Program Files\Android\Android Studio\jbr\bin\management.dll
0x00007ffc883b0000 - 0x00007ffc883bb000 	C:\Program Files\Android\Android Studio\jbr\bin\management_ext.dll
0x00007ffcb3b70000 - 0x00007ffcb3b78000 	C:\Windows\System32\PSAPI.DLL
0x00007ffcb14d0000 - 0x00007ffcb1503000 	C:\Windows\SYSTEM32\IPHLPAPI.DLL
0x00007ffcb3ac0000 - 0x00007ffcb3aca000 	C:\Windows\System32\NSI.dll
0x00007ffc89130000 - 0x00007ffc89139000 	C:\Program Files\Android\Android Studio\jbr\bin\extnet.dll
0x00007ffcb23b0000 - 0x00007ffcb23cb000 	C:\Windows\SYSTEM32\CRYPTSP.dll
0x00007ffcb1a60000 - 0x00007ffcb1a99000 	C:\Windows\system32\rsaenh.dll
0x00007ffcb2170000 - 0x00007ffcb21a4000 	C:\Windows\SYSTEM32\USERENV.dll
0x00007ffcb2d20000 - 0x00007ffcb2d4a000 	C:\Windows\SYSTEM32\bcrypt.dll
0x00007ffcb23d0000 - 0x00007ffcb23dc000 	C:\Windows\SYSTEM32\CRYPTBASE.dll
0x00007ffc899c0000 - 0x00007ffc899c8000 	C:\Windows\system32\wshunix.dll
0x00007ffcb1c30000 - 0x00007ffcb1c66000 	C:\Windows\SYSTEM32\ntmarta.dll

JVMTI agents:
C:\Users\Maxim\.gradle\wrapper\dists\gradle-9.6.0-bin\42k10rwplmzkhuboz9kdazi7s\gradle-9.6.0\lib\agents\gradle-instrumentation-agent-9.6.0.jar path:C:\Program Files\Android\Android Studio\jbr\bin\instrument.dll, loaded, initialized, instrumentlib options:none

dbghelp: loaded successfully - version: 4.0.5 - missing functions: none
symbol engine: initialized successfully - sym options: 0x614 - pdb path: .;C:\Program Files\Android\Android Studio\jbr\bin;C:\Windows\SYSTEM32;C:\Windows\WinSxS\amd64_microsoft.windows.common-controls_6595b64144ccf1df_6.0.26100.9278_none_3e0d1ba8e3303201;C:\Program Files\Android\Android Studio\jbr\bin\server;C:\Users\Maxim\.gradle\native\660c5614fbf4a5f2a75b1949f50a0caf5cd603558e7d8a26e50b933a0cfb79d1\windows-amd64;C:\Users\Maxim\.gradle\native\0.2.8\x86_64-windows-gnu

VM Arguments:
jvm_args: --add-opens=java.base/java.lang=ALL-UNNAMED --add-opens=java.base/java.lang.invoke=ALL-UNNAMED --add-opens=java.base/java.util=ALL-UNNAMED --add-opens=java.prefs/java.util.prefs=ALL-UNNAMED --add-exports=jdk.compiler/com.sun.tools.javac.api=ALL-UNNAMED --add-exports=jdk.compiler/com.sun.tools.javac.util=ALL-UNNAMED --add-opens=java.base/java.nio.charset=ALL-UNNAMED --add-opens=java.base/java.net=ALL-UNNAMED --add-opens=java.base/java.util.concurrent=ALL-UNNAMED --add-opens=java.base/java.util.concurrent.atomic=ALL-UNNAMED --add-opens=java.xml/javax.xml.namespace=ALL-UNNAMED --add-opens=java.base/java.time=ALL-UNNAMED --enable-native-access=ALL-UNNAMED -Xmx4g -Dfile.encoding=UTF-8 -Duser.country=RU -Duser.language=ru -Duser.variant -javaagent:C:\Users\Maxim\.gradle\wrapper\dists\gradle-9.6.0-bin\42k10rwplmzkhuboz9kdazi7s\gradle-9.6.0\lib\agents\gradle-instrumentation-agent-9.6.0.jar 
java_command: org.gradle.launcher.daemon.bootstrap.GradleDaemon 9.6.0
java_class_path (initial): C:\Users\Maxim\.gradle\wrapper\dists\gradle-9.6.0-bin\42k10rwplmzkhuboz9kdazi7s\gradle-9.6.0\lib\gradle-daemon-main-9.6.0.jar
Launcher Type: SUN_STANDARD

[Global flags]
     intx CICompilerCount                          = 4                                         {product} {ergonomic}
     uint ConcGCThreads                            = 2                                         {product} {ergonomic}
     uint G1ConcRefinementThreads                  = 8                                         {product} {ergonomic}
   size_t G1HeapRegionSize                         = 2097152                                   {product} {ergonomic}
   size_t InitialHeapSize                          = 134217728                                 {product} {ergonomic}
   size_t MarkStackSize                            = 4194304                                   {product} {ergonomic}
   size_t MarkStackSizeMax                         = 536870912                                 {product} {ergonomic}
   size_t MaxHeapSize                              = 4294967296                                {product} {command line}
   size_t MaxNewSize                               = 2575302656                                {product} {ergonomic}
   size_t MinHeapDeltaBytes                        = 2097152                                   {product} {ergonomic}
   size_t MinHeapSize                              = 8388608                                   {product} {ergonomic}
    uintx NonNMethodCodeHeapSize                   = 5898240                                {pd product} {ergonomic}
    uintx NonProfiledCodeHeapSize                  = 122945536                              {pd product} {ergonomic}
    uintx ProfiledCodeHeapSize                     = 122945536                              {pd product} {ergonomic}
    uintx ReservedCodeCacheSize                    = 251789312                              {pd product} {ergonomic}
     bool SegmentedCodeCache                       = true                                      {product} {ergonomic}
   size_t SoftMaxHeapSize                          = 4294967296                             {manageable} {ergonomic}
     bool UseCompressedOops                        = true                           {product lp64_product} {ergonomic}
     bool UseG1GC                                  = true                                      {product} {ergonomic}
     bool UseLargePagesIndividualAllocation        = false                                  {pd product} {ergonomic}

Logging:
Log output configuration:
 #0: stdout all=warning uptime,level,tags foldmultilines=false
 #1: stderr all=off uptime,level,tags foldmultilines=false

Release file:
JAVA_VERSION="25.0.3" 
MODULES="java.base java.compiler java.datatransfer java.xml java.prefs java.desktop java.instrument java.logging java.management java.security.sasl java.naming java.rmi java.management.rmi java.net.http java.scripting java.security.jgss java.transaction.xa java.sql java.sql.rowset java.xml.crypto java.se java.smartcardio jdk.accessibility jdk.internal.jvmstat jdk.attach jdk.charsets jdk.internal.opt jdk.zipfs jdk.compiler jdk.crypto.cryptoki jdk.crypto.ec jdk.dynalink jdk.hotspot.agent jdk.httpserver jdk.internal.ed jdk.internal.le jdk.internal.md jdk.internal.vm.ci jdk.jartool jdk.javadoc jdk.jcmd jdk.jdeps jdk.jdwp.agent jdk.jdi jdk.jfr jdk.jlink jdk.localedata jdk.management jdk.management.agent jdk.management.jfr jdk.naming.dns jdk.naming.rmi jdk.net jdk.sctp jdk.security.auth jdk.security.jgss jdk.unsupported jdk.unsupported.desktop jdk.xml.dom" 
IMPLEMENTOR="JetBrains s.r.o." 
JAVA_RUNTIME_VERSION="25.0.3+-15898627-b508.16" 
LIBC="default" 
OS_ARCH="x86_64" 
OS_NAME="Windows" 
SOURCE=".:git:a8b1dba3234f" 

Environment Variables:
PATH=C:\Windows\system32;C:\Windows;C:\Windows\System32\Wbem;C:\Windows\System32\WindowsPowerShell\v1.0\;C:\Windows\System32\OpenSSH\;C:\Program Files\NVIDIA Corporation\NVIDIA App\NvDLISR;C:\Program Files (x86)\NVIDIA Corporation\PhysX\Common;C:\Program Files\dotnet\;C:\Program Files\Git\cmd;C:\Users\Maxim\AppData\Local\Microsoft\WindowsApps;
USERNAME=Maxim
OS=Windows_NT
PROCESSOR_IDENTIFIER=Intel64 Family 6 Model 58 Stepping 9, GenuineIntel
TMP=C:\Temp
TEMP=C:\Temp




Compilation memory statistics disabled.

Periodic native trim disabled

JNI global refs:
JNI global refs: 24, weak refs: 50

JNI global refs memory usage: 835, weak refs: 1465

Process memory usage:
Resident Set Size: 611024K (7% of 8311504K total physical memory with 293356K free physical memory)

OOME stack traces (most recent first):
Classloader memory used:
Loader org.gradle.internal.classloader.VisitableURLClassLoader                         : 39174 K
Loader bootstrap                                                                       : 24357 K
Loader org.gradle.initialization.MixInLegacyTypesClassLoader                           : 8942 K
Loader jdk.internal.loader.ClassLoaders$PlatformClassLoader                            : 404 K
Loader jdk.internal.loader.ClassLoaders$AppClassLoader                                 : 186 K
Loader org.gradle.groovy.scripts.internal.DefaultScriptCompilationHandler$ScriptClassLoader: 130 K
Loader org.gradle.internal.classloader.VisitableURLClassLoader$InstrumentingVisitableURLClassLoader: 14936 B

