#
# There is insufficient memory for the Java Runtime Environment to continue.
# Native memory allocation (mmap) failed to map 52428800 bytes. Error detail: G1 virtual space
# Possible reasons:
#   The system is out of physical RAM or swap space
#   This process is running with CompressedOops enabled, and the Java Heap may be blocking the growth of the native heap
# Possible solutions:
#   Reduce memory load on the system
#   Increase physical memory or swap space
#   Check if swap backing store is full
#   Decrease Java heap size (-Xmx/-Xms)
#   Decrease number of Java threads
#   Decrease Java thread stack sizes (-Xss)
#   Set larger code cache with -XX:ReservedCodeCacheSize=
#   JVM is running with Zero Based Compressed Oops mode in which the Java heap is
#     placed in the first 32GB address space. The Java Heap base address is the
#     maximum limit for the native heap growth. Please use -XX:HeapBaseMinAddress
#     to set the Java Heap base and to place the Java Heap above 32GB virtual address.
# This output file may be truncated or incomplete.
#
#  Out of Memory Error (os_windows.cpp:3766), pid=6864, tid=9528
#
# JRE version: OpenJDK Runtime Environment (25.0.3) (build 25.0.3+-15898627-b508.16)
# Java VM: OpenJDK 64-Bit Server VM (25.0.3+-15898627-b508.16, mixed mode, tiered, compressed oops, compressed class ptrs, g1 gc, windows-amd64)
# No core dump will be written. Minidumps are not enabled by default on client versions of Windows
#

---------------  S U M M A R Y ------------

Command Line: --add-opens=java.base/java.lang=ALL-UNNAMED --add-opens=java.base/java.lang.invoke=ALL-UNNAMED --add-opens=java.base/java.util=ALL-UNNAMED --add-opens=java.prefs/java.util.prefs=ALL-UNNAMED --add-exports=jdk.compiler/com.sun.tools.javac.api=ALL-UNNAMED --add-exports=jdk.compiler/com.sun.tools.javac.util=ALL-UNNAMED --add-opens=java.base/java.nio.charset=ALL-UNNAMED --add-opens=java.base/java.net=ALL-UNNAMED --add-opens=java.base/java.util.concurrent=ALL-UNNAMED --add-opens=java.base/java.util.concurrent.atomic=ALL-UNNAMED --add-opens=java.xml/javax.xml.namespace=ALL-UNNAMED --add-opens=java.base/java.time=ALL-UNNAMED --enable-native-access=ALL-UNNAMED -Xmx4g -Dfile.encoding=UTF-8 -Duser.country=RU -Duser.language=ru -Duser.variant -javaagent:C:\Users\Maxim\.gradle\wrapper\dists\gradle-9.6.0-bin\42k10rwplmzkhuboz9kdazi7s\gradle-9.6.0\lib\agents\gradle-instrumentation-agent-9.6.0.jar org.gradle.launcher.daemon.bootstrap.GradleDaemon 9.6.0

Host: Intel(R) Core(TM) i7-3770 CPU @ 3.40GHz, 8 cores, 7G,  Windows 11 , 64 bit Build 26100 (10.0.26100.9278)
Time: Fri Oct  9 21:36:03 2026 elapsed time: 13.465821 seconds (0d 0h 0m 13s)

---------------  T H R E A D  ---------------

Current thread (0x00000255d47020a0):  VMThread "VM Thread"          [id=9528, stack(0x000000ec4ae00000,0x000000ec4af00000) (1024K)]

Stack: [0x000000ec4ae00000,0x000000ec4af00000]
Native frames: (J=compiled Java code, j=interpreted, Vv=VM code, C=native code)
V  [jvm.dll+0x7bf039]  (no source info available)
V  [jvm.dll+0x78912d]  (no source info available)
V  [jvm.dll+0xa0e615]  (no source info available)
V  [jvm.dll+0xa10c94]  (no source info available)
V  [jvm.dll+0xa11393]  (no source info available)
V  [jvm.dll+0x30a116]  (no source info available)
V  [jvm.dll+0x7bb145]  (no source info available)
V  [jvm.dll+0x7adc17]  (no source info available)
V  [jvm.dll+0x3fea3b]  (no source info available)
V  [jvm.dll+0x406bf6]  (no source info available)
V  [jvm.dll+0x3f30a6]  (no source info available)
V  [jvm.dll+0x3f3388]  (no source info available)
V  [jvm.dll+0x3c8622]  (no source info available)
V  [jvm.dll+0x3c86ba]  (no source info available)
V  [jvm.dll+0x417e60]  (no source info available)
V  [jvm.dll+0x416781]  (no source info available)
V  [jvm.dll+0x3c7d57]  (no source info available)
V  [jvm.dll+0x415bbf]  (no source info available)
V  [jvm.dll+0xa1765a]  (no source info available)
V  [jvm.dll+0xa18961]  (no source info available)
V  [jvm.dll+0xa18ed8]  (no source info available)
V  [jvm.dll+0xa19163]  (no source info available)
V  [jvm.dll+0x9ad738]  (no source info available)
V  [jvm.dll+0x7bd585]  (no source info available)
C  [ucrtbase.dll+0x2cd30]  (no source info available)
C  [KERNEL32.DLL+0x2ccb7]  (no source info available)
C  [ntdll.dll+0xacaec]  (no source info available)

VM_Operation (0x000000ec4c7f6738): G1CollectForAllocation, mode: safepoint, requested by thread 0x00000255db24fd40


---------------  P R O C E S S  ---------------

Threads class SMR info:
_java_thread_list=0x00000255db1eeb90, length=38, elements={
0x00000255b81d36f0, 0x00000255d4734a70, 0x00000255d4739310, 0x00000255d4739ed0,
0x00000255d475c6a0, 0x00000255d475d260, 0x00000255d475de20, 0x00000255d477bda0,
0x00000255d4757d30, 0x00000255d4ad8c70, 0x00000255d4776c80, 0x00000255d477a330,
0x00000255db249f80, 0x00000255db24e5d0, 0x00000255db24ce60, 0x00000255db24b6f0,
0x00000255db24f570, 0x00000255db24fd40, 0x00000255db363820, 0x00000255db3647c0,
0x00000255db364f90, 0x00000255db365760, 0x00000255db3676a0, 0x00000255db366700,
0x00000255db365f30, 0x00000255d4777450, 0x00000255dc6f10d0, 0x00000255dc6f2840,
0x00000255dc6f4780, 0x00000255dc6f18a0, 0x00000255dc6f5ef0, 0x00000255dc6f7e30,
0x00000255dde261d0, 0x00000255dde2a050, 0x00000255dde269a0, 0x00000255dde2a820,
0x00000255dde2d700, 0x00000255de3fb4a0
}

Java Threads: ( => current thread )
  0x00000255b81d36f0 JavaThread "main"                              [_thread_blocked, id=8140, stack(0x000000ec4a700000,0x000000ec4a800000) (1024K)]
  0x00000255d4734a70 JavaThread "Common-Cleaner"             daemon [_thread_blocked, id=2408, stack(0x000000ec4af00000,0x000000ec4b000000) (1024K)]
  0x00000255d4739310 JavaThread "Reference Handler"          daemon [_thread_blocked, id=11248, stack(0x000000ec4b000000,0x000000ec4b100000) (1024K)]
  0x00000255d4739ed0 JavaThread "Finalizer"                  daemon [_thread_blocked, id=13288, stack(0x000000ec4b100000,0x000000ec4b200000) (1024K)]
  0x00000255d475c6a0 JavaThread "Signal Dispatcher"          daemon [_thread_blocked, id=4048, stack(0x000000ec4b200000,0x000000ec4b300000) (1024K)]
  0x00000255d475d260 JavaThread "Attach Listener"            daemon [_thread_blocked, id=2336, stack(0x000000ec4b300000,0x000000ec4b400000) (1024K)]
  0x00000255d475de20 JavaThread "Service Thread"             daemon [_thread_blocked, id=11056, stack(0x000000ec4b400000,0x000000ec4b500000) (1024K)]
  0x00000255d477bda0 JavaThread "Monitor Deflation Thread"   daemon [_thread_blocked, id=5164, stack(0x000000ec4b500000,0x000000ec4b600000) (1024K)]
  0x00000255d4757d30 JavaThread "C2 CompilerThread0"         daemon [_thread_in_native, id=10660, stack(0x000000ec4b600000,0x000000ec4b700000) (1024K)]
  0x00000255d4ad8c70 JavaThread "C1 CompilerThread0"         daemon [_thread_blocked, id=13852, stack(0x000000ec4b700000,0x000000ec4b800000) (1024K)]
  0x00000255d4776c80 JavaThread "Notification Thread"        daemon [_thread_blocked, id=10220, stack(0x000000ec4b800000,0x000000ec4b900000) (1024K)]
  0x00000255d477a330 JavaThread "Daemon health stats"               [_thread_blocked, id=11924, stack(0x000000ec4be00000,0x000000ec4bf00000) (1024K)]
  0x00000255db249f80 JavaThread "Incoming local TCP Connector on port 61791"        [_thread_in_native, id=1076, stack(0x000000ec4c100000,0x000000ec4c200000) (1024K)]
  0x00000255db24e5d0 JavaThread "Daemon periodic checks"            [_thread_blocked, id=4336, stack(0x000000ec4c200000,0x000000ec4c300000) (1024K)]
  0x00000255db24ce60 JavaThread "Daemon"                            [_thread_blocked, id=13472, stack(0x000000ec4c400000,0x000000ec4c500000) (1024K)]
  0x00000255db24b6f0 JavaThread "Handler for socket connection from /127.0.0.1:61791 to /127.0.0.1:61792"        [_thread_in_native, id=5048, stack(0x000000ec4c500000,0x000000ec4c600000) (1024K)]
  0x00000255db24f570 JavaThread "Cancel handler"                    [_thread_blocked, id=7548, stack(0x000000ec4c600000,0x000000ec4c700000) (1024K)]
  0x00000255db24fd40 JavaThread "Daemon worker"                     [_thread_blocked, id=2164, stack(0x000000ec4c700000,0x000000ec4c800000) (1024K)]
  0x00000255db363820 JavaThread "Asynchronous log dispatcher for DefaultDaemonConnection: socket connection from /127.0.0.1:61791 to /127.0.0.1:61792"        [_thread_blocked, id=6380, stack(0x000000ec4c800000,0x000000ec4c900000) (1024K)]
  0x00000255db3647c0 JavaThread "Stdin handler"                     [_thread_blocked, id=708, stack(0x000000ec4c900000,0x000000ec4ca00000) (1024K)]
  0x00000255db364f90 JavaThread "Daemon client event forwarder"        [_thread_blocked, id=6556, stack(0x000000ec4ca00000,0x000000ec4cb00000) (1024K)]
  0x00000255db365760 JavaThread "Cache worker for journal cache (C:\Users\Maxim\.gradle\caches\journal-1)"        [_thread_blocked, id=10464, stack(0x000000ec4cb00000,0x000000ec4cc00000) (1024K)]
  0x00000255db3676a0 JavaThread "File lock request listener"        [_thread_in_native, id=9892, stack(0x000000ec4cc00000,0x000000ec4cd00000) (1024K)]
  0x00000255db366700 JavaThread "Cache worker for file hash cache (C:\Users\Maxim\.gradle\caches\9.6.0\fileHashes)"        [_thread_blocked, id=7604, stack(0x000000ec4cd00000,0x000000ec4ce00000) (1024K)]
  0x00000255db365f30 JavaThread "Cache worker for file hash cache (E:\Android Studio Projects\Habit-Tracker\.gradle\9.6.0\fileHashes)"        [_thread_blocked, id=11088, stack(0x000000ec4ce00000,0x000000ec4cf00000) (1024K)]
  0x00000255d4777450 JavaThread "Cache worker for checksums cache (E:\Android Studio Projects\Habit-Tracker\.gradle\9.6.0\checksums)"        [_thread_blocked, id=8164, stack(0x000000ec4cf00000,0x000000ec4d000000) (1024K)]
  0x00000255dc6f10d0 JavaThread "Cache worker for Build Output Cleanup Cache (E:\Android Studio Projects\Habit-Tracker\.gradle\buildOutputCleanup)"        [_thread_blocked, id=3696, stack(0x000000ec4d000000,0x000000ec4d100000) (1024K)]
  0x00000255dc6f2840 JavaThread "Cache worker for file content cache (C:\Users\Maxim\.gradle\caches\9.6.0\fileContent)"        [_thread_blocked, id=5384, stack(0x000000ec4d100000,0x000000ec4d200000) (1024K)]
  0x00000255dc6f4780 JavaThread "File watcher server"        daemon [_thread_blocked, id=11744, stack(0x000000ec4d200000,0x000000ec4d300000) (1024K)]
  0x00000255dc6f18a0 JavaThread "File watcher consumer"      daemon [_thread_blocked, id=11452, stack(0x000000ec4d300000,0x000000ec4d400000) (1024K)]
  0x00000255dc6f5ef0 JavaThread "Cache worker for cache directory md-supplier (C:\Users\Maxim\.gradle\caches\9.6.0\md-supplier)"        [_thread_blocked, id=5056, stack(0x000000ec4d400000,0x000000ec4d500000) (1024K)]
  0x00000255dc6f7e30 JavaThread "Cache worker for cache directory md-rule (C:\Users\Maxim\.gradle\caches\9.6.0\md-rule)"        [_thread_blocked, id=12852, stack(0x000000ec4d500000,0x000000ec4d600000) (1024K)]
  0x00000255dde261d0 JavaThread "jar transforms"                    [_thread_blocked, id=2040, stack(0x000000ec4d600000,0x000000ec4d700000) (1024K)]
  0x00000255dde2a050 JavaThread "jar transforms Thread 2"           [_thread_blocked, id=14248, stack(0x000000ec4d700000,0x000000ec4d800000) (1024K)]
  0x00000255dde269a0 JavaThread "shaded jar writer"          daemon [_thread_blocked, id=2960, stack(0x000000ec4d800000,0x000000ec4d900000) (1024K)]
  0x00000255dde2a820 JavaThread "Build operations"                  [_thread_blocked, id=13944, stack(0x000000ec4d900000,0x000000ec4da00000) (1024K)]
  0x00000255dde2d700 JavaThread "Build operations Thread 2"         [_thread_blocked, id=12448, stack(0x000000ec4da00000,0x000000ec4db00000) (1024K)]
  0x00000255de3fb4a0 JavaThread "Build operations Thread 3"         [_thread_blocked, id=14320, stack(0x000000ec4db00000,0x000000ec4dc00000) (1024K)]
Total: 38

Other Threads:
=>0x00000255d47020a0 VMThread "VM Thread"                           [id=9528, stack(0x000000ec4ae00000,0x000000ec4af00000) (1024K)]
  0x00000255d46c5400 WatcherThread "VM Periodic Task Thread"        [id=7368, stack(0x000000ec4ad00000,0x000000ec4ae00000) (1024K)]
  0x00000255ba641af0 WorkerThread "GC Thread#0"                     [id=6700, stack(0x000000ec4a800000,0x000000ec4a900000) (1024K)]
  0x00000255d9f5e340 WorkerThread "GC Thread#1"                     [id=13168, stack(0x000000ec4b900000,0x000000ec4ba00000) (1024K)]
  0x00000255d9f5eb80 WorkerThread "GC Thread#2"                     [id=2940, stack(0x000000ec4ba00000,0x000000ec4bb00000) (1024K)]
  0x00000255d9f6c580 WorkerThread "GC Thread#3"                     [id=768, stack(0x000000ec4bb00000,0x000000ec4bc00000) (1024K)]
  0x00000255d9f701e0 WorkerThread "GC Thread#4"                     [id=13856, stack(0x000000ec4bc00000,0x000000ec4bd00000) (1024K)]
  0x00000255d9f70610 WorkerThread "GC Thread#5"                     [id=13840, stack(0x000000ec4bd00000,0x000000ec4be00000) (1024K)]
  0x00000255d9f94170 WorkerThread "GC Thread#6"                     [id=13716, stack(0x000000ec4bf00000,0x000000ec4c000000) (1024K)]
  0x00000255d9f92340 WorkerThread "GC Thread#7"                     [id=12416, stack(0x000000ec4c000000,0x000000ec4c100000) (1024K)]
  0x00000255b829dfb0 ConcurrentGCThread "G1 Main Marker"            [id=5248, stack(0x000000ec4a900000,0x000000ec4aa00000) (1024K)]
  0x00000255ba657e70 WorkerThread "G1 Conc#0"                       [id=14244, stack(0x000000ec4aa00000,0x000000ec4ab00000) (1024K)]
  0x00000255d9f94e60 WorkerThread "G1 Conc#1"                       [id=9808, stack(0x000000ec4c300000,0x000000ec4c400000) (1024K)]
  0x00000255ba68e670 ConcurrentGCThread "G1 Refine#0"               [id=6088, stack(0x000000ec4ab00000,0x000000ec4ac00000) (1024K)]
  0x00000255d4595ef0 ConcurrentGCThread "G1 Service"                [id=1992, stack(0x000000ec4ac00000,0x000000ec4ad00000) (1024K)]
Total: 15

Threads with active compile tasks:
C2 CompilerThread0  13550 7204       4       org.objectweb.asm.ClassReader::readCode (5117 bytes)
Total: 1

VM state: at safepoint (normal execution)

VM Mutex/Monitor currently owned by a thread:  ([mutex/lock_event])
[0x00007ffc39767928] Threads_lock - owner thread: 0x00000255d47020a0
[0x00007ffc39767aa8] Heap_lock - owner thread: 0x00000255db24fd40

Heap address: 0x0000000700000000, size: 4096 MB, Compressed Oops mode: Zero based, Oop shift amount: 3

CDS archive(s) not mapped
Compressed class space mapped at: 0x0000000092000000-0x00000000d2000000, reserved size: 1073741824
UseCompressedClassPointers 1, UseCompactObjectHeaders 0
Narrow klass pointer bits 32, Max shift 3
Narrow klass base: 0x0000000000000000, Narrow klass shift: 0
Encoding Range: [0x0000000000000000 - 0x0000000100000000), (4294967296 bytes)
Klass Range:    [0x0000000092000000 - 0x00000000d2000000), (1073741824 bytes)
Klass ID Range:  [2449473536 - 3523215353) (1073741817)
No protection zone.

GC Precious Log:
 CardTable entry size: 512
 Card Set container configuration: InlinePtr #cards 4 size 8 Array Of Cards #cards 16 size 48 Howl #buckets 8 coarsen threshold 3686 Howl Bitmap #cards 512 size 80 coarsen threshold 460 Card regions per heap region 1 cards per card region 4096
 CPUs: 8 total, 8 available
 Memory: 8116M
 Large Page Support: Disabled
 NUMA Support: Disabled
 Compressed Oops: Enabled (Zero based)
 Heap Region Size: 2M
 Heap Min Capacity: 8M
 Heap Initial Capacity: 128M
 Heap Max Capacity: 4G
 Pre-touch: Disabled
 Parallel Workers: 8
 Concurrent Workers: 2
 Concurrent Refinement Workers: 8
 Periodic GC: Disabled

Heap:
 garbage-first heap   total reserved 4194304K, committed 256000K, used 98609K [0x0000000700000000, 0x0000000800000000)
  region size 2048K, 6 young (12288K), 6 survivors (12288K)

Heap Regions: E=young(eden), S=young(survivor), O=old, HS=humongous(starts), HC=humongous(continues), CS=collection set, F=free, TAMS=top-at-mark-start, PB=parsable bottom
|   0|0x0000000700000000, 0x0000000700200000, 0x0000000700200000|100%|HS|  |TAMS 0x0000000700200000| PB 0x0000000700000000| Complete |  0
|   1|0x0000000700200000, 0x0000000700400000, 0x0000000700400000|100%|HC|  |TAMS 0x0000000700400000| PB 0x0000000700200000| Complete |  0
|   2|0x0000000700400000, 0x0000000700600000, 0x0000000700600000|100%| O|  |TAMS 0x0000000700600000| PB 0x0000000700400000| Untracked |  0
|   3|0x0000000700600000, 0x0000000700800000, 0x0000000700800000|100%| O|  |TAMS 0x0000000700800000| PB 0x0000000700600000| Untracked |  0
|   4|0x0000000700800000, 0x0000000700a00000, 0x0000000700a00000|100%| O|  |TAMS 0x0000000700a00000| PB 0x0000000700800000| Untracked |  0
|   5|0x0000000700a00000, 0x0000000700c00000, 0x0000000700c00000|100%| O|  |TAMS 0x0000000700c00000| PB 0x0000000700a00000| Untracked |  0
|   6|0x0000000700c00000, 0x0000000700e00000, 0x0000000700e00000|100%| O|  |TAMS 0x0000000700e00000| PB 0x0000000700c00000| Untracked |  0
|   7|0x0000000700e00000, 0x0000000701000000, 0x0000000701000000|100%| O|  |TAMS 0x0000000701000000| PB 0x0000000700e00000| Untracked |  0
|   8|0x0000000701000000, 0x0000000701200000, 0x0000000701200000|100%| O|  |TAMS 0x0000000701200000| PB 0x0000000701000000| Untracked |  0
|   9|0x0000000701200000, 0x0000000701400000, 0x0000000701400000|100%| O|  |TAMS 0x0000000701400000| PB 0x0000000701200000| Untracked |  0
|  10|0x0000000701400000, 0x0000000701600000, 0x0000000701600000|100%| O|  |TAMS 0x0000000701600000| PB 0x0000000701400000| Untracked |  0
|  11|0x0000000701600000, 0x0000000701800000, 0x0000000701800000|100%| O|  |TAMS 0x0000000701800000| PB 0x0000000701600000| Untracked |  0
|  12|0x0000000701800000, 0x0000000701a00000, 0x0000000701a00000|100%| O|  |TAMS 0x0000000701a00000| PB 0x0000000701800000| Untracked |  0
|  13|0x0000000701a00000, 0x0000000701c00000, 0x0000000701c00000|100%| O|  |TAMS 0x0000000701c00000| PB 0x0000000701a00000| Untracked |  0
|  14|0x0000000701c00000, 0x0000000701e00000, 0x0000000701e00000|100%| O|  |TAMS 0x0000000701e00000| PB 0x0000000701c00000| Untracked |  0
|  15|0x0000000701e00000, 0x0000000702000000, 0x0000000702000000|100%| O|  |TAMS 0x0000000702000000| PB 0x0000000701e00000| Untracked |  0
|  16|0x0000000702000000, 0x0000000702200000, 0x0000000702200000|100%| O|  |TAMS 0x0000000702200000| PB 0x0000000702000000| Untracked |  0
|  17|0x0000000702200000, 0x0000000702400000, 0x0000000702400000|100%| O|  |TAMS 0x0000000702400000| PB 0x0000000702200000| Untracked |  0
|  18|0x0000000702400000, 0x0000000702600000, 0x0000000702600000|100%| O|  |TAMS 0x0000000702600000| PB 0x0000000702400000| Untracked |  0
|  19|0x0000000702600000, 0x0000000702800000, 0x0000000702800000|100%| O|  |TAMS 0x0000000702800000| PB 0x0000000702600000| Untracked |  0
|  20|0x0000000702800000, 0x0000000702a00000, 0x0000000702a00000|100%| O|  |TAMS 0x0000000702a00000| PB 0x0000000702800000| Untracked |  0
|  21|0x0000000702a00000, 0x0000000702c00000, 0x0000000702c00000|100%| O|  |TAMS 0x0000000702c00000| PB 0x0000000702a00000| Untracked |  0
|  22|0x0000000702c00000, 0x0000000702e00000, 0x0000000702e00000|100%| O|  |TAMS 0x0000000702e00000| PB 0x0000000702c00000| Untracked |  0
|  23|0x0000000702e00000, 0x0000000703000000, 0x0000000703000000|100%| O|  |TAMS 0x0000000703000000| PB 0x0000000702e00000| Untracked |  0
|  24|0x0000000703000000, 0x0000000703200000, 0x0000000703200000|100%| O|  |TAMS 0x0000000703000000| PB 0x0000000703000000| Untracked |  0
|  25|0x0000000703200000, 0x0000000703400000, 0x0000000703400000|100%| O|  |TAMS 0x0000000703200000| PB 0x0000000703200000| Untracked |  0
|  26|0x0000000703400000, 0x0000000703600000, 0x0000000703600000|100%| O|  |TAMS 0x0000000703400000| PB 0x0000000703400000| Untracked |  0
|  27|0x0000000703600000, 0x0000000703682308, 0x0000000703800000| 25%| O|  |TAMS 0x0000000703600000| PB 0x0000000703600000| Untracked |  0
|  28|0x0000000703800000, 0x0000000703a00000, 0x0000000703a00000|100%| O|  |TAMS 0x0000000703a00000| PB 0x0000000703800000| Untracked |  0
|  29|0x0000000703a00000, 0x0000000703c00000, 0x0000000703c00000|100%| O|  |TAMS 0x0000000703c00000| PB 0x0000000703a00000| Untracked |  0
|  30|0x0000000703c00000, 0x0000000703c00000, 0x0000000703e00000|  0%| F|  |TAMS 0x0000000703c00000| PB 0x0000000703c00000| Untracked |  0
|  31|0x0000000703e00000, 0x0000000703fca3d0, 0x0000000704000000| 89%| S|CS|TAMS 0x0000000703e00000| PB 0x0000000703e00000| Complete |  0
|  32|0x0000000704000000, 0x0000000704200000, 0x0000000704200000|100%| O|  |TAMS 0x0000000704200000| PB 0x0000000704000000| Untracked |  0
|  33|0x0000000704200000, 0x0000000704400000, 0x0000000704400000|100%| O|  |TAMS 0x0000000704400000| PB 0x0000000704200000| Untracked |  0
|  34|0x0000000704400000, 0x0000000704600000, 0x0000000704600000|100%| O|  |TAMS 0x0000000704600000| PB 0x0000000704400000| Untracked |  0
|  35|0x0000000704600000, 0x0000000704800000, 0x0000000704800000|100%| O|  |TAMS 0x0000000704800000| PB 0x0000000704600000| Untracked |  0
|  36|0x0000000704800000, 0x0000000704a00000, 0x0000000704a00000|100%| O|  |TAMS 0x0000000704a00000| PB 0x0000000704800000| Untracked |  0
|  37|0x0000000704a00000, 0x0000000704c00000, 0x0000000704c00000|100%| O|  |TAMS 0x0000000704c00000| PB 0x0000000704a00000| Untracked |  0
|  38|0x0000000704c00000, 0x0000000704e00000, 0x0000000704e00000|100%| O|  |TAMS 0x0000000704e00000| PB 0x0000000704c00000| Untracked |  0
|  39|0x0000000704e00000, 0x0000000705000000, 0x0000000705000000|100%| S|CS|TAMS 0x0000000704e00000| PB 0x0000000704e00000| Complete |  0
|  40|0x0000000705000000, 0x0000000705200000, 0x0000000705200000|100%| S|CS|TAMS 0x0000000705000000| PB 0x0000000705000000| Complete |  0
|  41|0x0000000705200000, 0x0000000705400000, 0x0000000705400000|100%| O|  |TAMS 0x0000000705400000| PB 0x0000000705200000| Untracked |  0
|  42|0x0000000705400000, 0x0000000705600000, 0x0000000705600000|100%| O|  |TAMS 0x0000000705600000| PB 0x0000000705400000| Untracked |  0
|  43|0x0000000705600000, 0x0000000705800000, 0x0000000705800000|100%| S|CS|TAMS 0x0000000705600000| PB 0x0000000705600000| Complete |  0
|  44|0x0000000705800000, 0x0000000705a00000, 0x0000000705a00000|100%| O|  |TAMS 0x0000000705a00000| PB 0x0000000705800000| Untracked |  0
|  45|0x0000000705a00000, 0x0000000705c00000, 0x0000000705c00000|100%| O|  |TAMS 0x0000000705c00000| PB 0x0000000705a00000| Untracked |  0
|  46|0x0000000705c00000, 0x0000000705e00000, 0x0000000705e00000|100%| O|  |TAMS 0x0000000705e00000| PB 0x0000000705c00000| Untracked |  0
|  47|0x0000000705e00000, 0x0000000706000000, 0x0000000706000000|100%| O|  |TAMS 0x0000000706000000| PB 0x0000000705e00000| Untracked |  0
|  48|0x0000000706000000, 0x0000000706000000, 0x0000000706200000|  0%| F|  |TAMS 0x0000000706000000| PB 0x0000000706000000| Untracked |  0
|  49|0x0000000706200000, 0x0000000706200000, 0x0000000706400000|  0%| F|  |TAMS 0x0000000706200000| PB 0x0000000706200000| Untracked |  0
|  50|0x0000000706400000, 0x0000000706400000, 0x0000000706600000|  0%| F|  |TAMS 0x0000000706400000| PB 0x0000000706400000| Untracked |  0
|  51|0x0000000706600000, 0x0000000706800000, 0x0000000706800000|100%| S|CS|TAMS 0x0000000706600000| PB 0x0000000706600000| Complete |  0
|  52|0x0000000706800000, 0x0000000706a00000, 0x0000000706a00000|100%| S|CS|TAMS 0x0000000706800000| PB 0x0000000706800000| Complete |  0
|  53|0x0000000706a00000, 0x0000000706a00000, 0x0000000706c00000|  0%| F|  |TAMS 0x0000000706a00000| PB 0x0000000706a00000| Untracked |  0
|  54|0x0000000706c00000, 0x0000000706c00000, 0x0000000706e00000|  0%| F|  |TAMS 0x0000000706c00000| PB 0x0000000706c00000| Untracked |  0
|  55|0x0000000706e00000, 0x0000000706e00000, 0x0000000707000000|  0%| F|  |TAMS 0x0000000706e00000| PB 0x0000000706e00000| Untracked |  0
|  56|0x0000000707000000, 0x0000000707000000, 0x0000000707200000|  0%| F|  |TAMS 0x0000000707000000| PB 0x0000000707000000| Untracked |  0
|  57|0x0000000707200000, 0x0000000707200000, 0x0000000707400000|  0%| F|  |TAMS 0x0000000707200000| PB 0x0000000707200000| Untracked |  0
|  58|0x0000000707400000, 0x0000000707400000, 0x0000000707600000|  0%| F|  |TAMS 0x0000000707400000| PB 0x0000000707400000| Untracked |  0
|  59|0x0000000707600000, 0x0000000707600000, 0x0000000707800000|  0%| F|  |TAMS 0x0000000707600000| PB 0x0000000707600000| Untracked |  0
|  60|0x0000000707800000, 0x0000000707800000, 0x0000000707a00000|  0%| F|  |TAMS 0x0000000707800000| PB 0x0000000707800000| Untracked |  0
|  61|0x0000000707a00000, 0x0000000707a00000, 0x0000000707c00000|  0%| F|  |TAMS 0x0000000707a00000| PB 0x0000000707a00000| Untracked |  0
|  62|0x0000000707c00000, 0x0000000707c00000, 0x0000000707e00000|  0%| F|  |TAMS 0x0000000707c00000| PB 0x0000000707c00000| Untracked |  0
|  63|0x0000000707e00000, 0x0000000707e00000, 0x0000000708000000|  0%| F|  |TAMS 0x0000000707e00000| PB 0x0000000707e00000| Untracked |  0
|  64|0x0000000708000000, 0x0000000708000000, 0x0000000708200000|  0%| F|  |TAMS 0x0000000708000000| PB 0x0000000708000000| Untracked |  0
|  65|0x0000000708200000, 0x0000000708200000, 0x0000000708400000|  0%| F|  |TAMS 0x0000000708200000| PB 0x0000000708200000| Untracked |  0
|  66|0x0000000708400000, 0x0000000708400000, 0x0000000708600000|  0%| F|  |TAMS 0x0000000708400000| PB 0x0000000708400000| Untracked |  0
|  67|0x0000000708600000, 0x0000000708600000, 0x0000000708800000|  0%| F|  |TAMS 0x0000000708600000| PB 0x0000000708600000| Untracked |  0
|  68|0x0000000708800000, 0x0000000708800000, 0x0000000708a00000|  0%| F|  |TAMS 0x0000000708800000| PB 0x0000000708800000| Untracked |  0
|  69|0x0000000708a00000, 0x0000000708a00000, 0x0000000708c00000|  0%| F|  |TAMS 0x0000000708a00000| PB 0x0000000708a00000| Untracked |  0
|  70|0x0000000708c00000, 0x0000000708c00000, 0x0000000708e00000|  0%| F|  |TAMS 0x0000000708c00000| PB 0x0000000708c00000| Untracked |  0
|  71|0x0000000708e00000, 0x0000000708e00000, 0x0000000709000000|  0%| F|  |TAMS 0x0000000708e00000| PB 0x0000000708e00000| Untracked |  0
|  72|0x0000000709000000, 0x0000000709000000, 0x0000000709200000|  0%| F|  |TAMS 0x0000000709000000| PB 0x0000000709000000| Untracked |  0
|  73|0x0000000709200000, 0x0000000709200000, 0x0000000709400000|  0%| F|  |TAMS 0x0000000709200000| PB 0x0000000709200000| Untracked |  0
|  74|0x0000000709400000, 0x0000000709400000, 0x0000000709600000|  0%| F|  |TAMS 0x0000000709400000| PB 0x0000000709400000| Untracked |  0
|  75|0x0000000709600000, 0x0000000709600000, 0x0000000709800000|  0%| F|  |TAMS 0x0000000709600000| PB 0x0000000709600000| Untracked |  0
|  76|0x0000000709800000, 0x0000000709800000, 0x0000000709a00000|  0%| F|  |TAMS 0x0000000709800000| PB 0x0000000709800000| Untracked |  0
|  77|0x0000000709a00000, 0x0000000709a00000, 0x0000000709c00000|  0%| F|  |TAMS 0x0000000709a00000| PB 0x0000000709a00000| Untracked |  0
|  78|0x0000000709c00000, 0x0000000709c00000, 0x0000000709e00000|  0%| F|  |TAMS 0x0000000709c00000| PB 0x0000000709c00000| Untracked |  0
|  79|0x0000000709e00000, 0x0000000709e00000, 0x000000070a000000|  0%| F|  |TAMS 0x0000000709e00000| PB 0x0000000709e00000| Untracked |  0
|  80|0x000000070a000000, 0x000000070a000000, 0x000000070a200000|  0%| F|  |TAMS 0x000000070a000000| PB 0x000000070a000000| Untracked |  0
|  81|0x000000070a200000, 0x000000070a200000, 0x000000070a400000|  0%| F|  |TAMS 0x000000070a200000| PB 0x000000070a200000| Untracked |  0
|  82|0x000000070a400000, 0x000000070a400000, 0x000000070a600000|  0%| F|  |TAMS 0x000000070a400000| PB 0x000000070a400000| Untracked |  0
|  83|0x000000070a600000, 0x000000070a600000, 0x000000070a800000|  0%| F|  |TAMS 0x000000070a600000| PB 0x000000070a600000| Untracked |  0
|  84|0x000000070a800000, 0x000000070a800000, 0x000000070aa00000|  0%| F|  |TAMS 0x000000070a800000| PB 0x000000070a800000| Untracked |  0
|  85|0x000000070aa00000, 0x000000070aa00000, 0x000000070ac00000|  0%| F|  |TAMS 0x000000070aa00000| PB 0x000000070aa00000| Untracked |  0
|  86|0x000000070ac00000, 0x000000070ac00000, 0x000000070ae00000|  0%| F|  |TAMS 0x000000070ac00000| PB 0x000000070ac00000| Untracked |  0
|  87|0x000000070ae00000, 0x000000070ae00000, 0x000000070b000000|  0%| F|  |TAMS 0x000000070ae00000| PB 0x000000070ae00000| Untracked |  0
|  88|0x000000070b000000, 0x000000070b000000, 0x000000070b200000|  0%| F|  |TAMS 0x000000070b000000| PB 0x000000070b000000| Untracked |  0
|  89|0x000000070b200000, 0x000000070b200000, 0x000000070b400000|  0%| F|  |TAMS 0x000000070b200000| PB 0x000000070b200000| Untracked |  0
|  90|0x000000070b400000, 0x000000070b400000, 0x000000070b600000|  0%| F|  |TAMS 0x000000070b400000| PB 0x000000070b400000| Untracked |  0
|  91|0x000000070b600000, 0x000000070b600000, 0x000000070b800000|  0%| F|  |TAMS 0x000000070b600000| PB 0x000000070b600000| Untracked |  0
|  92|0x000000070b800000, 0x000000070b800000, 0x000000070ba00000|  0%| F|  |TAMS 0x000000070b800000| PB 0x000000070b800000| Untracked |  0
|  93|0x000000070ba00000, 0x000000070ba00000, 0x000000070bc00000|  0%| F|  |TAMS 0x000000070ba00000| PB 0x000000070ba00000| Untracked |  0
|  94|0x000000070bc00000, 0x000000070bc00000, 0x000000070be00000|  0%| F|  |TAMS 0x000000070bc00000| PB 0x000000070bc00000| Untracked |  0
|  95|0x000000070be00000, 0x000000070be00000, 0x000000070c000000|  0%| F|  |TAMS 0x000000070be00000| PB 0x000000070be00000| Untracked |  0
|  96|0x000000070c000000, 0x000000070c000000, 0x000000070c200000|  0%| F|  |TAMS 0x000000070c000000| PB 0x000000070c000000| Untracked |  0
|  97|0x000000070c200000, 0x000000070c200000, 0x000000070c400000|  0%| F|  |TAMS 0x000000070c200000| PB 0x000000070c200000| Untracked |  0
|  98|0x000000070c400000, 0x000000070c400000, 0x000000070c600000|  0%| F|  |TAMS 0x000000070c400000| PB 0x000000070c400000| Untracked |  0
|  99|0x000000070c600000, 0x000000070c600000, 0x000000070c800000|  0%| F|  |TAMS 0x000000070c600000| PB 0x000000070c600000| Untracked |  0
| 100|0x000000070c800000, 0x000000070c800000, 0x000000070ca00000|  0%| F|  |TAMS 0x000000070c800000| PB 0x000000070c800000| Untracked |  0
| 101|0x000000070ca00000, 0x000000070ca00000, 0x000000070cc00000|  0%| F|  |TAMS 0x000000070ca00000| PB 0x000000070ca00000| Untracked |  0
| 102|0x000000070cc00000, 0x000000070cc00000, 0x000000070ce00000|  0%| F|  |TAMS 0x000000070cc00000| PB 0x000000070cc00000| Untracked |  0
| 103|0x000000070ce00000, 0x000000070ce00000, 0x000000070d000000|  0%| F|  |TAMS 0x000000070ce00000| PB 0x000000070ce00000| Untracked |  0
| 104|0x000000070d000000, 0x000000070d000000, 0x000000070d200000|  0%| F|  |TAMS 0x000000070d000000| PB 0x000000070d000000| Untracked |  0
| 105|0x000000070d200000, 0x000000070d200000, 0x000000070d400000|  0%| F|  |TAMS 0x000000070d200000| PB 0x000000070d200000| Untracked |  0
| 106|0x000000070d400000, 0x000000070d400000, 0x000000070d600000|  0%| F|  |TAMS 0x000000070d400000| PB 0x000000070d400000| Untracked |  0
| 107|0x000000070d600000, 0x000000070d600000, 0x000000070d800000|  0%| F|  |TAMS 0x000000070d600000| PB 0x000000070d600000| Untracked |  0
| 108|0x000000070d800000, 0x000000070d800000, 0x000000070da00000|  0%| F|  |TAMS 0x000000070d800000| PB 0x000000070d800000| Untracked |  0
| 109|0x000000070da00000, 0x000000070da00000, 0x000000070dc00000|  0%| F|  |TAMS 0x000000070da00000| PB 0x000000070da00000| Untracked |  0
| 110|0x000000070dc00000, 0x000000070dc00000, 0x000000070de00000|  0%| F|  |TAMS 0x000000070dc00000| PB 0x000000070dc00000| Untracked |  0
| 111|0x000000070de00000, 0x000000070de00000, 0x000000070e000000|  0%| F|  |TAMS 0x000000070de00000| PB 0x000000070de00000| Untracked |  0
| 112|0x000000070e000000, 0x000000070e000000, 0x000000070e200000|  0%| F|  |TAMS 0x000000070e000000| PB 0x000000070e000000| Untracked |  0
| 113|0x000000070e200000, 0x000000070e200000, 0x000000070e400000|  0%| F|  |TAMS 0x000000070e200000| PB 0x000000070e200000| Untracked |  0
| 114|0x000000070e400000, 0x000000070e400000, 0x000000070e600000|  0%| F|  |TAMS 0x000000070e400000| PB 0x000000070e400000| Untracked |  0
| 115|0x000000070e600000, 0x000000070e600000, 0x000000070e800000|  0%| F|  |TAMS 0x000000070e600000| PB 0x000000070e600000| Untracked |  0
| 116|0x000000070e800000, 0x000000070e800000, 0x000000070ea00000|  0%| F|  |TAMS 0x000000070e800000| PB 0x000000070e800000| Untracked |  0
| 117|0x000000070ea00000, 0x000000070ea00000, 0x000000070ec00000|  0%| F|  |TAMS 0x000000070ea00000| PB 0x000000070ea00000| Untracked |  0
| 118|0x000000070ec00000, 0x000000070ec00000, 0x000000070ee00000|  0%| F|  |TAMS 0x000000070ec00000| PB 0x000000070ec00000| Untracked |  0
| 119|0x000000070ee00000, 0x000000070ee00000, 0x000000070f000000|  0%| F|  |TAMS 0x000000070ee00000| PB 0x000000070ee00000| Untracked |  0
| 120|0x000000070f000000, 0x000000070f000000, 0x000000070f200000|  0%| F|  |TAMS 0x000000070f000000| PB 0x000000070f000000| Untracked |  0
| 121|0x000000070f200000, 0x000000070f200000, 0x000000070f400000|  0%| F|  |TAMS 0x000000070f200000| PB 0x000000070f200000| Untracked |  0
| 122|0x000000070f400000, 0x000000070f400000, 0x000000070f600000|  0%| F|  |TAMS 0x000000070f400000| PB 0x000000070f400000| Untracked |  0
|2046|0x00000007ffc00000, 0x00000007ffc00000, 0x00000007ffe00000|  0%| F|  |TAMS 0x00000007ffc00000| PB 0x00000007ffc00000| Untracked |  0
|2047|0x00000007ffe00000, 0x00000007ffe00000, 0x0000000800000000|  0%| F|  |TAMS 0x00000007ffe00000| PB 0x00000007ffe00000| Untracked |  0

Card table byte_map: [0x00000255cd720000,0x00000255cdf20000] _byte_map_base: 0x00000255c9f20000

Marking Bits: (CMBitMap*) 0x00000255ba642280
 Bits: [0x00000255cdf20000, 0x00000255d1f20000)

Polling page: 0x00000255b83b0000

Metaspace:
Metaspace        used 65799K, committed 67392K, reserved 1114112K
 class space     used 9455K, committed 10240K, reserved 1048576K

Usage:
  Non-class:     55.02 MB used.
      Class:      9.23 MB used.
       Both:     64.26 MB used.

Virtual space:
  Non-class space:       64.00 MB reserved,      55.81 MB ( 87%) committed,  1 nodes.
      Class space:        1.00 GB reserved,      10.00 MB ( <1%) committed,  1 nodes.
             Both:        1.06 GB reserved,      65.81 MB (  6%) committed. 

Chunk freelists:
   Non-Class:  7.39 MB
       Class:  5.98 MB
        Both:  13.38 MB

MaxMetaspaceSize: unlimited
CompressedClassSpaceSize: 1.00 GB
Initial GC threshold: 21.00 MB
Current GC threshold: 109.69 MB
CDS: off
 - commit_granule_bytes: 65536.
 - commit_granule_words: 8192.
 - virtual_space_node_default_size: 8388608.
 - enlarge_chunks_in_place: 1.
UseCompressedClassPointers 1, UseCompactObjectHeaders 0
Narrow klass pointer bits 32, Max shift 3
Narrow klass base: 0x0000000000000000, Narrow klass shift: 0
Encoding Range: [0x0000000000000000 - 0x0000000100000000), (4294967296 bytes)
Klass Range:    [0x0000000092000000 - 0x00000000d2000000), (1073741824 bytes)
Klass ID Range:  [2449473536 - 3523215353) (1073741817)
No protection zone.


Internal statistics:

num_allocs_failed_limit: 9.
num_arena_births: 3048.
num_arena_deaths: 2.
num_vsnodes_births: 2.
num_vsnodes_deaths: 0.
num_space_committed: 1053.
num_space_uncommitted: 0.
num_chunks_returned_to_freelist: 12.
num_chunks_taken_from_freelist: 5547.
num_chunk_merges: 6.
num_chunk_splits: 3668.
num_chunks_enlarged: 2305.
num_inconsistent_stats: 0.

CodeHeap 'non-profiled nmethods': size=120064Kb used=1740Kb max_used=2074Kb free=118323Kb
 bounds [0x00000255c55a0000, 0x00000255c5810000, 0x00000255ccae0000]
CodeHeap 'profiled nmethods': size=120064Kb used=8334Kb max_used=8621Kb free=111729Kb
 bounds [0x00000255bdac0000, 0x00000255be350000, 0x00000255c5000000]
CodeHeap 'non-nmethods': size=5760Kb used=1929Kb max_used=2156Kb free=3830Kb
 bounds [0x00000255c5000000, 0x00000255c5270000, 0x00000255c55a0000]
CodeCache: size=245888Kb, used=12003Kb, max_used=12851Kb, free=233882Kb
 total_blobs=6550, nmethods=5744, adapters=709, full_count=0
Compilation: enabled, stopped_count=0, restarted_count=0

Compilation events (20 events):
Event: 13.072 Thread 0x00000255d4ad8c70 7298       1       org.gradle.internal.logging.events.ProgressEvent::isFailing (5 bytes)
Event: 13.072 Thread 0x00000255d4ad8c70 nmethod 7298 0x00000255c568d808 code [0x00000255c568d900, 0x00000255c568d9c8]
Event: 13.082 Thread 0x00000255d4ad8c70 7299       1       org.gradle.api.internal.runtimeshaded.RuntimeShadedJarCreator$InputFile::getServices (5 bytes)
Event: 13.082 Thread 0x00000255d4ad8c70 nmethod 7299 0x00000255c568d308 code [0x00000255c568d400, 0x00000255c568d4c8]
Event: 13.082 Thread 0x00000255d4ad8c70 7300       2       org.gradle.internal.dispatch.ProxyDispatchAdapter$DispatchingInvocationHandler::invoke (266 bytes)
Event: 13.084 Thread 0x00000255d4ad8c70 nmethod 7300 0x00000255bde70308 code [0x00000255bde70400, 0x00000255bde71088]
Event: 13.084 Thread 0x00000255d4ad8c70 7301       2       org.gradle.internal.dispatch.MethodInvocation::<init> (25 bytes)
Event: 13.085 Thread 0x00000255d4ad8c70 nmethod 7301 0x00000255bdb08e88 code [0x00000255bdb08f80, 0x00000255bdb09158]
Event: 13.086 Thread 0x00000255d4ad8c70 7302       2       java.util.PriorityQueue::peek (7 bytes)
Event: 13.087 Thread 0x00000255d4ad8c70 nmethod 7302 0x00000255bdba7408 code [0x00000255bdba7500, 0x00000255bdba7638]
Event: 13.107 Thread 0x00000255d4ad8c70 7303       2       org.objectweb.asm.commons.ClassRemapper::visitTypeAnnotation (35 bytes)
Event: 13.108 Thread 0x00000255d4ad8c70 nmethod 7303 0x00000255bdacc788 code [0x00000255bdacc880, 0x00000255bdaccb08]
Event: 13.108 Thread 0x00000255d4ad8c70 7304       2       org.objectweb.asm.ClassVisitor::visitTypeAnnotation (41 bytes)
Event: 13.108 Thread 0x00000255d4ad8c70 nmethod 7304 0x00000255bdddd688 code [0x00000255bdddd780, 0x00000255bdddd9c0]
Event: 13.225 Thread 0x00000255d4ad8c70 7307       2       org.objectweb.asm.ClassWriter::visitTypeAnnotation (45 bytes)
Event: 13.226 Thread 0x00000255d4ad8c70 nmethod 7307 0x00000255bdfb7f88 code [0x00000255bdfb8080, 0x00000255bdfb82d8]
Event: 13.233 Thread 0x00000255d4ad8c70 7309       2       org.gradle.internal.logging.events.CategorisedOutputEvent::<init> (21 bytes)
Event: 13.233 Thread 0x00000255d4ad8c70 nmethod 7309 0x00000255bdbae008 code [0x00000255bdbae100, 0x00000255bdbae2d0]
Event: 13.248 Thread 0x00000255d4ad8c70 7311       3       org.objectweb.asm.signature.SignatureWriter::visitArrayType (12 bytes)
Event: 13.249 Thread 0x00000255d4ad8c70 nmethod 7311 0x00000255be0c9288 code [0x00000255be0c9380, 0x00000255be0c95b8]

GC Heap Usage History (20 events):
Event: 10.108 {heap After GC invocations=28 (full 0):
 garbage-first heap   total reserved 4194304K, committed 196608K, used 62543K [0x0000000700000000, 0x0000000800000000)
  region size 2048K, 7 young (14336K), 7 survivors (14336K)
}
Event: 10.371 {heap Before GC invocations=28 (full 0):
 garbage-first heap   total reserved 4194304K, committed 196608K, used 162895K [0x0000000700000000, 0x0000000800000000)
  region size 2048K, 57 young (116736K), 7 survivors (14336K)
}
Event: 10.375 {heap After GC invocations=29 (full 0):
 garbage-first heap   total reserved 4194304K, committed 196608K, used 66777K [0x0000000700000000, 0x0000000800000000)
  region size 2048K, 5 young (10240K), 5 survivors (10240K)
}
Event: 10.746 {heap Before GC invocations=30 (full 0):
 garbage-first heap   total reserved 4194304K, committed 196608K, used 173273K [0x0000000700000000, 0x0000000800000000)
  region size 2048K, 57 young (116736K), 5 survivors (10240K)
}
Event: 10.751 {heap After GC invocations=31 (full 0):
 garbage-first heap   total reserved 4194304K, committed 196608K, used 75641K [0x0000000700000000, 0x0000000800000000)
  region size 2048K, 6 young (12288K), 6 survivors (12288K)
}
Event: 11.048 {heap Before GC invocations=31 (full 0):
 garbage-first heap   total reserved 4194304K, committed 196608K, used 180089K [0x0000000700000000, 0x0000000800000000)
  region size 2048K, 57 young (116736K), 6 survivors (12288K)
}
Event: 11.053 {heap After GC invocations=32 (full 0):
 garbage-first heap   total reserved 4194304K, committed 200704K, used 78748K [0x0000000700000000, 0x0000000800000000)
  region size 2048K, 6 young (12288K), 6 survivors (12288K)
}
Event: 11.285 {heap Before GC invocations=32 (full 0):
 garbage-first heap   total reserved 4194304K, committed 200704K, used 185244K [0x0000000700000000, 0x0000000800000000)
  region size 2048K, 58 young (118784K), 6 survivors (12288K)
}
Event: 11.290 {heap After GC invocations=33 (full 0):
 garbage-first heap   total reserved 4194304K, committed 243712K, used 83620K [0x0000000700000000, 0x0000000800000000)
  region size 2048K, 5 young (10240K), 5 survivors (10240K)
}
Event: 11.598 {heap Before GC invocations=34 (full 0):
 garbage-first heap   total reserved 4194304K, committed 243712K, used 218788K [0x0000000700000000, 0x0000000800000000)
  region size 2048K, 71 young (145408K), 5 survivors (10240K)
}
Event: 11.602 {heap After GC invocations=35 (full 0):
 garbage-first heap   total reserved 4194304K, committed 243712K, used 90670K [0x0000000700000000, 0x0000000800000000)
  region size 2048K, 8 young (16384K), 8 survivors (16384K)
}
Event: 12.074 {heap Before GC invocations=35 (full 0):
 garbage-first heap   total reserved 4194304K, committed 243712K, used 219694K [0x0000000700000000, 0x0000000800000000)
  region size 2048K, 71 young (145408K), 8 survivors (16384K)
}
Event: 12.080 {heap After GC invocations=36 (full 0):
 garbage-first heap   total reserved 4194304K, committed 243712K, used 87399K [0x0000000700000000, 0x0000000800000000)
  region size 2048K, 6 young (12288K), 6 survivors (12288K)
}
Event: 12.419 {heap Before GC invocations=36 (full 0):
 garbage-first heap   total reserved 4194304K, committed 243712K, used 220519K [0x0000000700000000, 0x0000000800000000)
  region size 2048K, 71 young (145408K), 6 survivors (12288K)
}
Event: 12.425 {heap After GC invocations=37 (full 0):
 garbage-first heap   total reserved 4194304K, committed 243712K, used 94356K [0x0000000700000000, 0x0000000800000000)
  region size 2048K, 7 young (14336K), 7 survivors (14336K)
}
Event: 12.792 {heap Before GC invocations=38 (full 0):
 garbage-first heap   total reserved 4194304K, committed 243712K, used 223380K [0x0000000700000000, 0x0000000800000000)
  region size 2048K, 71 young (145408K), 7 survivors (14336K)
}
Event: 12.798 {heap After GC invocations=39 (full 0):
 garbage-first heap   total reserved 4194304K, committed 247808K, used 104076K [0x0000000700000000, 0x0000000800000000)
  region size 2048K, 7 young (14336K), 7 survivors (14336K)
}
Event: 13.146 {heap Before GC invocations=39 (full 0):
 garbage-first heap   total reserved 4194304K, committed 247808K, used 233100K [0x0000000700000000, 0x0000000800000000)
  region size 2048K, 70 young (143360K), 7 survivors (14336K)
}
Event: 13.152 {heap After GC invocations=40 (full 0):
 garbage-first heap   total reserved 4194304K, committed 256000K, used 93628K [0x0000000700000000, 0x0000000800000000)
  region size 2048K, 7 young (14336K), 7 survivors (14336K)
}
Event: 13.449 {heap Before GC invocations=40 (full 0):
 garbage-first heap   total reserved 4194304K, committed 256000K, used 232892K [0x0000000700000000, 0x0000000800000000)
  region size 2048K, 75 young (153600K), 7 survivors (14336K)
}

Metaspace Usage History (20 events):
Event: 10.108 {metaspace After GC invocations=28 (full 0):
 Metaspace       used 65601K, committed 67264K, reserved 1114112K
  class space    used 9447K, committed 10240K, reserved 1048576K
}
Event: 10.371 {metaspace Before GC invocations=28 (full 0):
 Metaspace       used 65611K, committed 67264K, reserved 1114112K
  class space    used 9447K, committed 10240K, reserved 1048576K
}
Event: 10.375 {metaspace After GC invocations=29 (full 0):
 Metaspace       used 65611K, committed 67264K, reserved 1114112K
  class space    used 9447K, committed 10240K, reserved 1048576K
}
Event: 10.746 {metaspace Before GC invocations=30 (full 0):
 Metaspace       used 65719K, committed 67328K, reserved 1114112K
  class space    used 9448K, committed 10240K, reserved 1048576K
}
Event: 10.751 {metaspace After GC invocations=31 (full 0):
 Metaspace       used 65719K, committed 67328K, reserved 1114112K
  class space    used 9448K, committed 10240K, reserved 1048576K
}
Event: 11.048 {metaspace Before GC invocations=31 (full 0):
 Metaspace       used 65728K, committed 67392K, reserved 1114112K
  class space    used 9448K, committed 10240K, reserved 1048576K
}
Event: 11.053 {metaspace After GC invocations=32 (full 0):
 Metaspace       used 65728K, committed 67392K, reserved 1114112K
  class space    used 9448K, committed 10240K, reserved 1048576K
}
Event: 11.285 {metaspace Before GC invocations=32 (full 0):
 Metaspace       used 65736K, committed 67392K, reserved 1114112K
  class space    used 9448K, committed 10240K, reserved 1048576K
}
Event: 11.290 {metaspace After GC invocations=33 (full 0):
 Metaspace       used 65736K, committed 67392K, reserved 1114112K
  class space    used 9448K, committed 10240K, reserved 1048576K
}
Event: 11.598 {metaspace Before GC invocations=34 (full 0):
 Metaspace       used 65738K, committed 67392K, reserved 1114112K
  class space    used 9448K, committed 10240K, reserved 1048576K
}
Event: 11.602 {metaspace After GC invocations=35 (full 0):
 Metaspace       used 65738K, committed 67392K, reserved 1114112K
  class space    used 9448K, committed 10240K, reserved 1048576K
}
Event: 12.074 {metaspace Before GC invocations=35 (full 0):
 Metaspace       used 65772K, committed 67392K, reserved 1114112K
  class space    used 9452K, committed 10240K, reserved 1048576K
}
Event: 12.080 {metaspace After GC invocations=36 (full 0):
 Metaspace       used 65772K, committed 67392K, reserved 1114112K
  class space    used 9452K, committed 10240K, reserved 1048576K
}
Event: 12.419 {metaspace Before GC invocations=36 (full 0):
 Metaspace       used 65788K, committed 67392K, reserved 1114112K
  class space    used 9455K, committed 10240K, reserved 1048576K
}
Event: 12.425 {metaspace After GC invocations=37 (full 0):
 Metaspace       used 65788K, committed 67392K, reserved 1114112K
  class space    used 9455K, committed 10240K, reserved 1048576K
}
Event: 12.792 {metaspace Before GC invocations=38 (full 0):
 Metaspace       used 65794K, committed 67392K, reserved 1114112K
  class space    used 9455K, committed 10240K, reserved 1048576K
}
Event: 12.798 {metaspace After GC invocations=39 (full 0):
 Metaspace       used 65794K, committed 67392K, reserved 1114112K
  class space    used 9455K, committed 10240K, reserved 1048576K
}
Event: 13.146 {metaspace Before GC invocations=39 (full 0):
 Metaspace       used 65799K, committed 67392K, reserved 1114112K
  class space    used 9455K, committed 10240K, reserved 1048576K
}
Event: 13.152 {metaspace After GC invocations=40 (full 0):
 Metaspace       used 65799K, committed 67392K, reserved 1114112K
  class space    used 9455K, committed 10240K, reserved 1048576K
}
Event: 13.449 {metaspace Before GC invocations=40 (full 0):
 Metaspace       used 65799K, committed 67392K, reserved 1114112K
  class space    used 9455K, committed 10240K, reserved 1048576K
}

Dll operation events (3 events):
Event: 0.019 Loaded shared library C:\Program Files\Android\Android Studio\jbr\bin\java.dll
Event: 0.028 Loaded shared library C:\Program Files\Android\Android Studio\jbr\bin\zip.dll
Event: 0.715 Loaded shared library C:\Program Files\Android\Android Studio\jbr\bin\verify.dll

Deoptimization events (20 events):
Event: 11.132 Thread 0x00000255dde2a820 DEOPT UNPACKING pc=0x00000255c5051702 sp=0x000000ec4d9fc680 mode 0
Event: 11.132 Thread 0x00000255dde2d700 DEOPT UNPACKING pc=0x00000255c5051702 sp=0x000000ec4dafcdc0 mode 0
Event: 11.133 Thread 0x00000255dde2a820 Uncommon trap: trap_request=0xffffff45 fr.pc=0x00000255c57b4b84 relative=0x000000000000e284
Event: 11.133 Thread 0x00000255dde2a820 Uncommon trap: reason=unstable_if action=reinterpret pc=0x00000255c57b4b84 method=org.objectweb.asm.Type.getDimensions()I @ 17 c2
Event: 11.133 Thread 0x00000255dde2a820 DEOPT PACKING pc=0x00000255c57b4b84 sp=0x000000ec4d9fd590
Event: 11.133 Thread 0x00000255dde2a820 DEOPT UNPACKING pc=0x00000255c5114c82 sp=0x000000ec4d9fd228 mode 2
Event: 11.134 Thread 0x00000255dde2a820 DEOPT PACKING pc=0x00000255be00b73f sp=0x000000ec4d9fce80
Event: 11.134 Thread 0x00000255dde2a820 DEOPT UNPACKING pc=0x00000255c5051702 sp=0x000000ec4d9fc380 mode 0
Event: 11.135 Thread 0x00000255db24fd40 DEOPT PACKING pc=0x00000255be00b73f sp=0x000000ec4c7f6fa0
Event: 11.135 Thread 0x00000255db24fd40 DEOPT UNPACKING pc=0x00000255c5051702 sp=0x000000ec4c7f64a0 mode 0
Event: 11.597 Thread 0x00000255dde2d700 DEOPT PACKING pc=0x00000255bdf9d275 sp=0x000000ec4dafdd30
Event: 11.597 Thread 0x00000255dde2d700 DEOPT UNPACKING pc=0x00000255c5051702 sp=0x000000ec4dafd230 mode 0
Event: 12.068 Thread 0x00000255db24e5d0 DEOPT PACKING pc=0x00000255bdf9d275 sp=0x000000ec4c2fe440
Event: 12.068 Thread 0x00000255db24e5d0 DEOPT UNPACKING pc=0x00000255c5051702 sp=0x000000ec4c2fd940 mode 0
Event: 12.586 Thread 0x00000255de3fb4a0 DEOPT PACKING pc=0x00000255be05c758 sp=0x000000ec4dbfdce0
Event: 12.586 Thread 0x00000255de3fb4a0 DEOPT UNPACKING pc=0x00000255c5051702 sp=0x000000ec4dbfd180 mode 0
Event: 12.633 Thread 0x00000255dde2d700 DEOPT PACKING pc=0x00000255bdf9d275 sp=0x000000ec4dafe150
Event: 12.633 Thread 0x00000255dde2d700 DEOPT UNPACKING pc=0x00000255c5051702 sp=0x000000ec4dafd650 mode 0
Event: 13.233 Thread 0x00000255de3fb4a0 DEOPT PACKING pc=0x00000255bdf9d275 sp=0x000000ec4dbfded0
Event: 13.233 Thread 0x00000255de3fb4a0 DEOPT UNPACKING pc=0x00000255c5051702 sp=0x000000ec4dbfd3d0 mode 0

Classes loaded (20 events):
Event: 8.999 Loading class java/lang/StackWalker$ExtendedOption
Event: 8.999 Loading class java/lang/StackWalker$ExtendedOption done
Event: 8.999 Loading class java/lang/StackStreamFactory$StackFrameTraverser
Event: 8.999 Loading class java/lang/StackStreamFactory$StackFrameTraverser done
Event: 8.999 Loading class java/lang/StackStreamFactory$WalkerState
Event: 8.999 Loading class java/lang/StackStreamFactory$WalkerState done
Event: 8.999 Loading class java/lang/StackStreamFactory$StackFrameBuffer
Event: 9.000 Loading class java/lang/StackStreamFactory$FrameBuffer
Event: 9.000 Loading class java/lang/StackStreamFactory$FrameBuffer done
Event: 9.000 Loading class java/lang/StackStreamFactory$StackFrameBuffer done
Event: 9.013 Loading class java/util/zip/ZipFile$ZipEntryIterator
Event: 9.013 Loading class java/util/zip/ZipFile$ZipEntryIterator done
Event: 9.057 Loading class java/util/regex/Pattern$Caret
Event: 9.057 Loading class java/util/regex/Pattern$Caret done
Event: 9.060 Loading class java/nio/StringCharBuffer
Event: 9.061 Loading class java/nio/StringCharBuffer done
Event: 12.055 Loading class java/util/concurrent/LinkedBlockingDeque$Itr
Event: 12.056 Loading class java/util/concurrent/LinkedBlockingDeque$AbstractItr
Event: 12.060 Loading class java/util/concurrent/LinkedBlockingDeque$AbstractItr done
Event: 12.060 Loading class java/util/concurrent/LinkedBlockingDeque$Itr done

Classes unloaded (3 events):
Event: 9.250 Thread 0x00000255d47020a0 Unloading class 0x0000000092940968 '_BuildScript_$_run_closure1$_closure2'
Event: 9.250 Thread 0x00000255d47020a0 Unloading class 0x0000000092940538 '_BuildScript_$_run_closure1'
Event: 9.250 Thread 0x00000255d47020a0 Unloading class 0x0000000092940000 '_BuildScript_'

Classes redefined (0 events):
No events

Internal exceptions (20 events):
Event: 8.773 Thread 0x00000255db24fd40 Exception <a 'java/lang/ClassNotFoundException'{0x000000070358ad60}: groovy/lang/ClosureCustomizer> (0x000000070358ad60) 
thrown [s\src\hotspot\share\classfile\systemDictionary.cpp, line 328]
Event: 8.777 Thread 0x00000255db24fd40 Exception <a 'java/lang/ClassNotFoundException'{0x00000007035b8908}: groovy/lang/Closure$1Customizer> (0x00000007035b8908) 
thrown [s\src\hotspot\share\classfile\systemDictionary.cpp, line 328]
Event: 8.785 Thread 0x00000255db24fd40 Exception <a 'java/lang/ClassNotFoundException'{0x0000000703225860}: org/gradle/configuration/internal/DefaultListenerBuildOperationDecorator$BuildOperationEmittingClosureBeanInfo> (0x0000000703225860) 
thrown [s\src\hotspot\share\classfile\systemDictionary.cpp, line 328]
Event: 8.785 Thread 0x00000255db24fd40 Exception <a 'java/lang/ClassNotFoundException'{0x0000000703230b68}: org/gradle/configuration/internal/DefaultListenerBuildOperationDecorator$BuildOperationEmittingClosureCustomizer> (0x0000000703230b68) 
thrown [s\src\hotspot\share\classfile\systemDictionary.cpp, line 328]
Event: 8.786 Thread 0x00000255db24fd40 Exception <a 'sun/nio/fs/WindowsException'{0x00000007032423a8}> (0x00000007032423a8) 
thrown [s\src\hotspot\share\prims\jni.cpp, line 535]
Event: 8.786 Thread 0x00000255db24fd40 Exception <a 'sun/nio/fs/WindowsException'{0x0000000703244228}> (0x0000000703244228) 
thrown [s\src\hotspot\share\prims\jni.cpp, line 535]
Event: 8.818 Thread 0x00000255db24fd40 Exception <a 'java/lang/IncompatibleClassChangeError'{0x00000007033ef948}: Found class java.lang.Object, but interface was expected> (0x00000007033ef948) 
thrown [s\src\hotspot\share\interpreter\linkResolver.cpp, line 882]
Event: 8.837 Thread 0x00000255db24fd40 Exception <a 'sun/nio/fs/WindowsException'{0x0000000703090908}> (0x0000000703090908) 
thrown [s\src\hotspot\share\prims\jni.cpp, line 535]
Event: 8.857 Thread 0x00000255db24fd40 Exception <a 'java/lang/NoSuchMethodError'{0x00000007031e5258}: 'java.lang.Object java.lang.invoke.Invokers$Holder.invoker(java.lang.Object, java.lang.Object, java.lang.Object, java.lang.Object, java.lang.Object, java.lang.Object)'> (0x00000007031e5258) 
thrown [s\src\hotspot\share\interpreter\linkResolver.cpp, line 815]
Event: 8.868 Thread 0x00000255db24fd40 Exception <a 'java/lang/NoSuchMethodError'{0x0000000702f01728}: 'java.lang.Object java.lang.invoke.Invokers$Holder.invoker(java.lang.Object, java.lang.Object, java.lang.Object, java.lang.Object, java.lang.Object, java.lang.Object, java.lang.Object, java.lang.Object, java.lang.Object, java.lang.Object, java.lang.Object, java.lang.Object, java.lang.Object, java.lang.Object, java.lang.Object, java.lang.Object, java.lang.Object, java.lang.Object, java.lang.Object, java.lang.Object, java.lang.Object, java.lang.
Event: 8.869 Thread 0x00000255db24fd40 Exception <a 'java/lang/NoSuchMethodError'{0x0000000702f0c960}: 'java.lang.Object java.lang.invoke.DelegatingMethodHandle$Holder.delegate(java.lang.Object, java.lang.Object, java.lang.Object, java.lang.Object, java.lang.Object, java.lang.Object, java.lang.Object, java.lang.Object, java.lang.Object, java.lang.Object, java.lang.Object, java.lang.Object, java.lang.Object, java.lang.Object, java.lang.Object, java.lang.Object, java.lang.Object, java.lang.Object, java.lang.Object, java.lang.Object, java.lang.Obj
Event: 8.878 Thread 0x00000255db24fd40 Exception <a 'sun/nio/fs/WindowsException'{0x0000000702cb7430}> (0x0000000702cb7430) 
thrown [s\src\hotspot\share\prims\jni.cpp, line 535]
Event: 8.878 Thread 0x00000255db24fd40 Exception <a 'sun/nio/fs/WindowsException'{0x0000000702cb9560}> (0x0000000702cb9560) 
thrown [s\src\hotspot\share\prims\jni.cpp, line 535]
Event: 8.883 Thread 0x00000255db24fd40 Exception <a 'sun/nio/fs/WindowsException'{0x0000000702d11400}> (0x0000000702d11400) 
thrown [s\src\hotspot\share\prims\jni.cpp, line 535]
Event: 8.883 Thread 0x00000255db24fd40 Exception <a 'sun/nio/fs/WindowsException'{0x0000000702d13530}> (0x0000000702d13530) 
thrown [s\src\hotspot\share\prims\jni.cpp, line 535]
Event: 8.957 Thread 0x00000255db24fd40 Exception <a 'sun/nio/fs/WindowsException'{0x0000000704eaff48}> (0x0000000704eaff48) 
thrown [s\src\hotspot\share\prims\jni.cpp, line 535]
Event: 8.970 Thread 0x00000255db24fd40 Exception <a 'sun/nio/fs/WindowsException'{0x0000000704f897e0}> (0x0000000704f897e0) 
thrown [s\src\hotspot\share\prims\jni.cpp, line 535]
Event: 8.970 Thread 0x00000255db24fd40 Exception <a 'sun/nio/fs/WindowsException'{0x0000000704f8ae90}> (0x0000000704f8ae90) 
thrown [s\src\hotspot\share\prims\jni.cpp, line 535]
Event: 12.063 Thread 0x00000255db24e5d0 Exception <a 'sun/nio/fs/WindowsException'{0x00000007077ed470}> (0x00000007077ed470) 
thrown [s\src\hotspot\share\prims\jni.cpp, line 535]
Event: 12.069 Thread 0x00000255db24e5d0 Exception <a 'sun/nio/fs/WindowsException'{0x00000007073cd638}> (0x00000007073cd638) 
thrown [s\src\hotspot\share\prims\jni.cpp, line 535]

VM Operations (20 events):
Event: 11.348 Executing safepoint VM operation: G1PauseRemark done
Event: 11.367 Executing safepoint VM operation: G1PauseCleanup
Event: 11.367 Executing safepoint VM operation: G1PauseCleanup done
Event: 11.598 Executing safepoint VM operation: G1CollectForAllocation (G1 Evacuation Pause)
Event: 11.602 Executing safepoint VM operation: G1CollectForAllocation (G1 Evacuation Pause) done
Event: 12.074 Executing safepoint VM operation: G1CollectForAllocation (G1 Evacuation Pause)
Event: 12.080 Executing safepoint VM operation: G1CollectForAllocation (G1 Evacuation Pause) done
Event: 12.082 Executing non-safepoint VM operation: HandshakeAllThreads (Deoptimize)
Event: 12.083 Executing non-safepoint VM operation: HandshakeAllThreads (Deoptimize) done
Event: 12.419 Executing safepoint VM operation: G1CollectForAllocation (G1 Evacuation Pause)
Event: 12.425 Executing safepoint VM operation: G1CollectForAllocation (G1 Evacuation Pause) done
Event: 12.485 Executing safepoint VM operation: G1PauseRemark
Event: 12.488 Executing safepoint VM operation: G1PauseRemark done
Event: 12.512 Executing safepoint VM operation: G1PauseCleanup
Event: 12.512 Executing safepoint VM operation: G1PauseCleanup done
Event: 12.792 Executing safepoint VM operation: G1CollectForAllocation (G1 Evacuation Pause)
Event: 12.798 Executing safepoint VM operation: G1CollectForAllocation (G1 Evacuation Pause) done
Event: 13.146 Executing safepoint VM operation: G1CollectForAllocation (G1 Evacuation Pause)
Event: 13.152 Executing safepoint VM operation: G1CollectForAllocation (G1 Evacuation Pause) done
Event: 13.449 Executing safepoint VM operation: G1CollectForAllocation (G1 Evacuation Pause)

Memory protections (0 events):
No events

Nmethod flushes (20 events):
Event: 12.488 Thread 0x00000255d47020a0 flushing  nmethod 0x00000255be14ec88
Event: 12.488 Thread 0x00000255d47020a0 flushing  nmethod 0x00000255be153708
Event: 12.488 Thread 0x00000255d47020a0 flushing  nmethod 0x00000255be2d2608
Event: 12.488 Thread 0x00000255d47020a0 flushing  nmethod 0x00000255be323d88
Event: 12.488 Thread 0x00000255d47020a0 flushing  nmethod 0x00000255be324108
Event: 12.488 Thread 0x00000255d47020a0 flushing  nmethod 0x00000255be325388
Event: 12.488 Thread 0x00000255d47020a0 flushing  nmethod 0x00000255be325808
Event: 12.488 Thread 0x00000255d47020a0 flushing  nmethod 0x00000255be325c88
Event: 12.488 Thread 0x00000255d47020a0 flushing  nmethod 0x00000255be325f88
Event: 12.488 Thread 0x00000255d47020a0 flushing  nmethod 0x00000255be326308
Event: 12.488 Thread 0x00000255d47020a0 flushing  nmethod 0x00000255bdb2a288
Event: 12.488 Thread 0x00000255d47020a0 flushing  nmethod 0x00000255bdbdcb08
Event: 12.488 Thread 0x00000255d47020a0 flushing  nmethod 0x00000255bdc91288
Event: 12.488 Thread 0x00000255d47020a0 flushing  nmethod 0x00000255bdc93608
Event: 12.488 Thread 0x00000255d47020a0 flushing  nmethod 0x00000255bdd34f08
Event: 12.488 Thread 0x00000255d47020a0 flushing  nmethod 0x00000255bdd35508
Event: 12.488 Thread 0x00000255d47020a0 flushing  nmethod 0x00000255bdd91a88
Event: 12.488 Thread 0x00000255d47020a0 flushing  nmethod 0x00000255be0a7808
Event: 12.488 Thread 0x00000255d47020a0 flushing  nmethod 0x00000255be0d3408
Event: 12.488 Thread 0x00000255d47020a0 flushing  nmethod 0x00000255be172508

Events (20 events):
Event: 2.148 Thread 0x00000255db24fd40 Thread added: 0x00000255db363820
Event: 2.171 Thread 0x00000255db24fd40 Thread added: 0x00000255db3647c0
Event: 2.178 Thread 0x00000255db24fd40 Thread added: 0x00000255db364f90
Event: 3.014 Thread 0x00000255db24fd40 Thread added: 0x00000255db365760
Event: 3.028 Thread 0x00000255db24fd40 Thread added: 0x00000255db3676a0
Event: 3.242 Thread 0x00000255db24fd40 Thread added: 0x00000255db366700
Event: 4.794 Thread 0x00000255db24fd40 Thread added: 0x00000255db365f30
Event: 4.863 Thread 0x00000255db24fd40 Thread added: 0x00000255d4777450
Event: 5.023 Thread 0x00000255db24fd40 Thread added: 0x00000255dc6f10d0
Event: 5.458 Thread 0x00000255db24fd40 Thread added: 0x00000255dc6f2840
Event: 5.926 Thread 0x00000255db24fd40 Thread added: 0x00000255dc6f4780
Event: 5.938 Thread 0x00000255db24fd40 Thread added: 0x00000255dc6f18a0
Event: 6.498 Thread 0x00000255db24fd40 Thread added: 0x00000255dc6f5ef0
Event: 6.553 Thread 0x00000255db24fd40 Thread added: 0x00000255dc6f7e30
Event: 7.786 Thread 0x00000255db24fd40 Thread added: 0x00000255dde261d0
Event: 8.524 Thread 0x00000255db24fd40 Thread added: 0x00000255dde2a050
Event: 9.002 Thread 0x00000255db24fd40 Thread added: 0x00000255dde269a0
Event: 9.009 Thread 0x00000255db24fd40 Thread added: 0x00000255dde2a820
Event: 9.009 Thread 0x00000255db24fd40 Thread added: 0x00000255dde2d700
Event: 9.010 Thread 0x00000255db24fd40 Thread added: 0x00000255de3fb4a0


Dynamic libraries:
0x00007ff7cc6f0000 - 0x00007ff7cc6fa000 	C:\Program Files\Android\Android Studio\jbr\bin\java.exe
0x00007ffcb5c20000 - 0x00007ffcb5e87000 	C:\Windows\SYSTEM32\ntdll.dll
0x00007ffcb4820000 - 0x00007ffcb48ea000 	C:\Windows\System32\KERNEL32.DLL
0x00007ffcb3540000 - 0x00007ffcb3942000 	C:\Windows\System32\KERNELBASE.dll
0x00007ffcb3020000 - 0x00007ffcb316c000 	C:\Windows\System32\ucrtbase.dll
0x00007ffc4c770000 - 0x00007ffc4c78b000 	C:\Program Files\Android\Android Studio\jbr\bin\VCRUNTIME140.dll
0x00007ffc82fc0000 - 0x00007ffc82fd6000 	C:\Program Files\Android\Android Studio\jbr\bin\jli.dll
0x00007ffcb59e0000 - 0x00007ffcb5baf000 	C:\Windows\System32\USER32.dll
0x00007ffc90560000 - 0x00007ffc907f0000 	C:\Windows\WinSxS\amd64_microsoft.windows.common-controls_6595b64144ccf1df_6.0.26100.9278_none_3e0d1ba8e3303201\COMCTL32.dll
0x00007ffcb3180000 - 0x00007ffcb31a7000 	C:\Windows\System32\win32u.dll
0x00007ffcb3cc0000 - 0x00007ffcb3ceb000 	C:\Windows\System32\GDI32.dll
0x00007ffcb2ef0000 - 0x00007ffcb3019000 	C:\Windows\System32\gdi32full.dll
0x00007ffcb33d0000 - 0x00007ffcb3473000 	C:\Windows\System32\msvcp_win.dll
0x00007ffcb4f40000 - 0x00007ffcb4fe9000 	C:\Windows\System32\msvcrt.dll
0x00007ffcb3c80000 - 0x00007ffcb3cb1000 	C:\Windows\System32\IMM32.DLL
0x00007ffc8c8f0000 - 0x00007ffc8c8fc000 	C:\Program Files\Android\Android Studio\jbr\bin\vcruntime140_1.dll
0x00007ffc3ac90000 - 0x00007ffc3ad1d000 	C:\Program Files\Android\Android Studio\jbr\bin\msvcp140.dll
0x00007ffc38980000 - 0x00007ffc3985d000 	C:\Program Files\Android\Android Studio\jbr\bin\server\jvm.dll
0x00007ffcb3d60000 - 0x00007ffcb3e1c000 	C:\Windows\System32\ADVAPI32.dll
0x00007ffcb4770000 - 0x00007ffcb4819000 	C:\Windows\System32\sechost.dll
0x00007ffcb39a0000 - 0x00007ffcb3ab8000 	C:\Windows\System32\RPCRT4.dll
0x00007ffcb5010000 - 0x00007ffcb5090000 	C:\Windows\System32\WS2_32.dll
0x00007ffcb2be0000 - 0x00007ffcb2c3e000 	C:\Windows\SYSTEM32\POWRPROF.dll
0x00007ffc9dc60000 - 0x00007ffc9dc96000 	C:\Windows\SYSTEM32\WINMM.dll
0x00007ffcab930000 - 0x00007ffcab93b000 	C:\Windows\SYSTEM32\VERSION.dll
0x00007ffcb2ab0000 - 0x00007ffcb2ac5000 	C:\Windows\SYSTEM32\UMPDC.dll
0x00007ffcb1b00000 - 0x00007ffcb1b1b000 	C:\Windows\SYSTEM32\kernel.appcore.dll
0x00007ffc8c120000 - 0x00007ffc8c12a000 	C:\Program Files\Android\Android Studio\jbr\bin\jimage.dll
0x00007ffc9e6b0000 - 0x00007ffc9e8f2000 	C:\Windows\SYSTEM32\DBGHELP.DLL
0x00007ffcb55c0000 - 0x00007ffcb5944000 	C:\Windows\System32\combase.dll
0x00007ffcb50a0000 - 0x00007ffcb5179000 	C:\Windows\System32\OLEAUT32.dll
0x00007ffc9d220000 - 0x00007ffc9d25b000 	C:\Windows\SYSTEM32\dbgcore.DLL
0x00007ffcb2e30000 - 0x00007ffcb2edc000 	C:\Windows\System32\bcryptPrimitives.dll
0x00007ffc93ca0000 - 0x00007ffc93cae000 	C:\Program Files\Android\Android Studio\jbr\bin\instrument.dll
0x00007ffc43ea0000 - 0x00007ffc43ebe000 	C:\Program Files\Android\Android Studio\jbr\bin\java.dll
0x00007ffcb45d0000 - 0x00007ffcb4769000 	C:\Windows\System32\ole32.dll
0x00007ffcb3e30000 - 0x00007ffcb45c8000 	C:\Windows\System32\SHELL32.dll
0x00007ffc43c40000 - 0x00007ffc43c56000 	C:\Program Files\Android\Android Studio\jbr\bin\zip.dll
0x00007ffcb08d0000 - 0x00007ffcb117e000 	C:\Windows\SYSTEM32\windows.storage.dll
0x00007ffcb5180000 - 0x00007ffcb527b000 	C:\Windows\System32\SHCORE.dll
0x00007ffcb3cf0000 - 0x00007ffcb3d56000 	C:\Windows\System32\shlwapi.dll
0x00007ffcb2d50000 - 0x00007ffcb2d79000 	C:\Windows\SYSTEM32\profapi.dll
0x00007ffc8a6e0000 - 0x00007ffc8a6f0000 	C:\Program Files\Android\Android Studio\jbr\bin\net.dll
0x00007ffcb20c0000 - 0x00007ffcb212c000 	C:\Windows\system32\mswsock.dll
0x00007ffc419e0000 - 0x00007ffc419f6000 	C:\Program Files\Android\Android Studio\jbr\bin\nio.dll
0x00007ffc832f0000 - 0x00007ffc83300000 	C:\Program Files\Android\Android Studio\jbr\bin\verify.dll
0x00007ffc881e0000 - 0x00007ffc88207000 	C:\Users\Maxim\.gradle\native\660c5614fbf4a5f2a75b1949f50a0caf5cd603558e7d8a26e50b933a0cfb79d1\windows-amd64\native-platform.dll
0x00007ffc39990000 - 0x00007ffc39a07000 	C:\Users\Maxim\.gradle\native\0.2.8\x86_64-windows-gnu\gradle-fileevents.dll
0x00007ffc89100000 - 0x00007ffc89109000 	C:\Program Files\Android\Android Studio\jbr\bin\management.dll
0x00007ffc883b0000 - 0x00007ffc883bb000 	C:\Program Files\Android\Android Studio\jbr\bin\management_ext.dll
0x00007ffcb3b70000 - 0x00007ffcb3b78000 	C:\Windows\System32\PSAPI.DLL
0x00007ffcb14d0000 - 0x00007ffcb1503000 	C:\Windows\SYSTEM32\IPHLPAPI.DLL
0x00007ffcb3ac0000 - 0x00007ffcb3aca000 	C:\Windows\System32\NSI.dll
0x00007ffc89130000 - 0x00007ffc89139000 	C:\Program Files\Android\Android Studio\jbr\bin\extnet.dll
0x00007ffcb23b0000 - 0x00007ffcb23cb000 	C:\Windows\SYSTEM32\CRYPTSP.dll
0x00007ffcb1a60000 - 0x00007ffcb1a99000 	C:\Windows\system32\rsaenh.dll
0x00007ffcb2170000 - 0x00007ffcb21a4000 	C:\Windows\SYSTEM32\USERENV.dll
0x00007ffcb2d20000 - 0x00007ffcb2d4a000 	C:\Windows\SYSTEM32\bcrypt.dll
0x00007ffcb23d0000 - 0x00007ffcb23dc000 	C:\Windows\SYSTEM32\CRYPTBASE.dll
0x00007ffc899c0000 - 0x00007ffc899c8000 	C:\Windows\system32\wshunix.dll

JVMTI agents:
C:\Users\Maxim\.gradle\wrapper\dists\gradle-9.6.0-bin\42k10rwplmzkhuboz9kdazi7s\gradle-9.6.0\lib\agents\gradle-instrumentation-agent-9.6.0.jar path:C:\Program Files\Android\Android Studio\jbr\bin\instrument.dll, loaded, initialized, instrumentlib options:none

dbghelp: loaded successfully - version: 4.0.5 - missing functions: none
symbol engine: initialized successfully - sym options: 0x614 - pdb path: .;C:\Program Files\Android\Android Studio\jbr\bin;C:\Windows\SYSTEM32;C:\Windows\WinSxS\amd64_microsoft.windows.common-controls_6595b64144ccf1df_6.0.26100.9278_none_3e0d1ba8e3303201;C:\Program Files\Android\Android Studio\jbr\bin\server;C:\Users\Maxim\.gradle\native\660c5614fbf4a5f2a75b1949f50a0caf5cd603558e7d8a26e50b933a0cfb79d1\windows-amd64;C:\Users\Maxim\.gradle\native\0.2.8\x86_64-windows-gnu

VM Arguments:
jvm_args: --add-opens=java.base/java.lang=ALL-UNNAMED --add-opens=java.base/java.lang.invoke=ALL-UNNAMED --add-opens=java.base/java.util=ALL-UNNAMED --add-opens=java.prefs/java.util.prefs=ALL-UNNAMED --add-exports=jdk.compiler/com.sun.tools.javac.api=ALL-UNNAMED --add-exports=jdk.compiler/com.sun.tools.javac.util=ALL-UNNAMED --add-opens=java.base/java.nio.charset=ALL-UNNAMED --add-opens=java.base/java.net=ALL-UNNAMED --add-opens=java.base/java.util.concurrent=ALL-UNNAMED --add-opens=java.base/java.util.concurrent.atomic=ALL-UNNAMED --add-opens=java.xml/javax.xml.namespace=ALL-UNNAMED --add-opens=java.base/java.time=ALL-UNNAMED --enable-native-access=ALL-UNNAMED -Xmx4g -Dfile.encoding=UTF-8 -Duser.country=RU -Duser.language=ru -Duser.variant -javaagent:C:\Users\Maxim\.gradle\wrapper\dists\gradle-9.6.0-bin\42k10rwplmzkhuboz9kdazi7s\gradle-9.6.0\lib\agents\gradle-instrumentation-agent-9.6.0.jar 
java_command: org.gradle.launcher.daemon.bootstrap.GradleDaemon 9.6.0
java_class_path (initial): C:\Users\Maxim\.gradle\wrapper\dists\gradle-9.6.0-bin\42k10rwplmzkhuboz9kdazi7s\gradle-9.6.0\lib\gradle-daemon-main-9.6.0.jar
Launcher Type: SUN_STANDARD

[Global flags]
     intx CICompilerCount                          = 4                                         {product} {ergonomic}
     uint ConcGCThreads                            = 2                                         {product} {ergonomic}
     uint G1ConcRefinementThreads                  = 8                                         {product} {ergonomic}
   size_t G1HeapRegionSize                         = 2097152                                   {product} {ergonomic}
   size_t InitialHeapSize                          = 134217728                                 {product} {ergonomic}
   size_t MarkStackSize                            = 4194304                                   {product} {ergonomic}
   size_t MarkStackSizeMax                         = 536870912                                 {product} {ergonomic}
   size_t MaxHeapSize                              = 4294967296                                {product} {command line}
   size_t MaxNewSize                               = 2575302656                                {product} {ergonomic}
   size_t MinHeapDeltaBytes                        = 2097152                                   {product} {ergonomic}
   size_t MinHeapSize                              = 8388608                                   {product} {ergonomic}
    uintx NonNMethodCodeHeapSize                   = 5898240                                {pd product} {ergonomic}
    uintx NonProfiledCodeHeapSize                  = 122945536                              {pd product} {ergonomic}
    uintx ProfiledCodeHeapSize                     = 122945536                              {pd product} {ergonomic}
    uintx ReservedCodeCacheSize                    = 251789312                              {pd product} {ergonomic}
     bool SegmentedCodeCache                       = true                                      {product} {ergonomic}
   size_t SoftMaxHeapSize                          = 4294967296                             {manageable} {ergonomic}
     bool UseCompressedOops                        = true                           {product lp64_product} {ergonomic}
     bool UseG1GC                                  = true                                      {product} {ergonomic}
     bool UseLargePagesIndividualAllocation        = false                                  {pd product} {ergonomic}

Logging:
Log output configuration:
 #0: stdout all=warning uptime,level,tags foldmultilines=false
 #1: stderr all=off uptime,level,tags foldmultilines=false

Release file:
JAVA_VERSION="25.0.3" 
MODULES="java.base java.compiler java.datatransfer java.xml java.prefs java.desktop java.instrument java.logging java.management java.security.sasl java.naming java.rmi java.management.rmi java.net.http java.scripting java.security.jgss java.transaction.xa java.sql java.sql.rowset java.xml.crypto java.se java.smartcardio jdk.accessibility jdk.internal.jvmstat jdk.attach jdk.charsets jdk.internal.opt jdk.zipfs jdk.compiler jdk.crypto.cryptoki jdk.crypto.ec jdk.dynalink jdk.hotspot.agent jdk.httpserver jdk.internal.ed jdk.internal.le jdk.internal.md jdk.internal.vm.ci jdk.jartool jdk.javadoc jdk.jcmd jdk.jdeps jdk.jdwp.agent jdk.jdi jdk.jfr jdk.jlink jdk.localedata jdk.management jdk.management.agent jdk.management.jfr jdk.naming.dns jdk.naming.rmi jdk.net jdk.sctp jdk.security.auth jdk.security.jgss jdk.unsupported jdk.unsupported.desktop jdk.xml.dom" 
IMPLEMENTOR="JetBrains s.r.o." 
JAVA_RUNTIME_VERSION="25.0.3+-15898627-b508.16" 
LIBC="default" 
OS_ARCH="x86_64" 
OS_NAME="Windows" 
SOURCE=".:git:a8b1dba3234f" 

Environment Variables:
PATH=C:\Windows\system32;C:\Windows;C:\Windows\System32\Wbem;C:\Windows\System32\WindowsPowerShell\v1.0\;C:\Windows\System32\OpenSSH\;C:\Program Files\NVIDIA Corporation\NVIDIA App\NvDLISR;C:\Program Files (x86)\NVIDIA Corporation\PhysX\Common;C:\Program Files\dotnet\;C:\Program Files\Git\cmd;C:\Users\Maxim\AppData\Local\Microsoft\WindowsApps;
USERNAME=Maxim
OS=Windows_NT
PROCESSOR_IDENTIFIER=Intel64 Family 6 Model 58 Stepping 9, GenuineIntel
TMP=C:\Temp
TEMP=C:\Temp




Compilation memory statistics disabled.

Periodic native trim disabled

JNI global refs:
JNI global refs: 23, weak refs: 146

JNI global refs memory usage: 835, weak refs: 2097

Process memory usage:
Resident Set Size: 475800K (5% of 8311504K total physical memory with 171228K free physical memory)

OOME stack traces (most recent first):
Classloader memory used:
Loader org.gradle.internal.classloader.VisitableURLClassLoader                         : 34492 K
Loader bootstrap                                                                       : 23612 K
Loader org.gradle.initialization.MixInLegacyTypesClassLoader                           : 7083 K
Loader jdk.internal.loader.ClassLoaders$PlatformClassLoader                            : 404 K
Loader jdk.internal.loader.ClassLoaders$AppClassLoader                                 : 186 K
Loader org.gradle.groovy.scripts.internal.DefaultScriptCompilationHandler$ScriptClassLoader: 20800 B

Classes loaded by more than one classloader:
Class org.gradle.internal.classloader.FilteringClassLoader                            : loaded 2 times (x 106B)
Class org.gradle.internal.classloader.ClassLoaderHierarchy                            : loaded 2 times (x 72B)
Class org.gradle.internal.classloader.DefaultClassLoaderFactory                       : loaded 2 times (x 84B)
Class org.gradle.api.internal.DefaultClassPathProvider                                : loaded 2 times (x 78B)
Class [Lorg.gradle.api.internal.ClassPathProvider;                                    : loaded 2 times (x 71B)
Class org.gradle.api.internal.ClassPathProvider                                       : loaded 2 times (x 72B)
Class org.gradle.internal.service.UnknownServiceException                             : loaded 2 times (x 85B)
Class org.gradle.internal.classpath.TransformedClassPath                              : loaded 2 times (x 98B)
Class org.gradle.internal.classloader.InstrumentingClassLoader                        : loaded 2 times (x 72B)
Class org.gradle.internal.service.ServiceLocator                                      : loaded 2 times (x 72B)
Class org.gradle.api.internal.classpath.DefaultModuleRegistry$DefaultModule           : loaded 2 times (x 84B)
Class org.gradle.api.internal.classpath.Module                                        : loaded 2 times (x 72B)
Class org.gradle.api.internal.classpath.UnknownModuleException                        : loaded 2 times (x 84B)
Class org.gradle.api.internal.DefaultClassPathRegistry                                : loaded 2 times (x 78B)
Class org.gradle.internal.classpath.DefaultClassPath$ImmutableUniqueList              : loaded 2 times (x 201B)
Class org.gradle.api.internal.ClassPathRegistry                                       : loaded 2 times (x 72B)
Class org.gradle.internal.classpath.ClassPath                                         : loaded 2 times (x 72B)
Class org.gradle.api.internal.classpath.DefaultModuleRegistry$DefaultModuleAlias      : loaded 2 times (x 82B)
Class org.gradle.api.internal.classpath.ModuleRegistry                                : loaded 2 times (x 72B)
Class org.gradle.internal.installation.GradleInstallation$1                           : loaded 2 times (x 77B)
Class org.gradle.api.internal.classpath.DefaultModuleRegistry                         : loaded 2 times (x 86B)
Class org.gradle.internal.service.ServiceLookupException                              : loaded 2 times (x 84B)
Class org.gradle.internal.classloader.ClassLoaderFactory                              : loaded 2 times (x 72B)
Class org.gradle.internal.service.CachingServiceLocator                               : loaded 2 times (x 84B)
Class org.gradle.internal.classloader.ClasspathUtil                                   : loaded 2 times (x 73B)
Class org.gradle.api.specs.Spec                                                       : loaded 2 times (x 72B)
Class org.gradle.internal.classloader.VisitableURLClassLoader$InstrumentingVisitableURLClassLoader: loaded 2 times (x 124B)
Class org.gradle.internal.classloader.VisitableURLClassLoader$Spec                    : loaded 2 times (x 76B)
Class org.gradle.internal.classpath.DefaultClassPath                                  : loaded 2 times (x 92B)
Class org.gradle.internal.classloader.ClassLoaderSpec                                 : loaded 2 times (x 73B)
Class org.gradle.api.internal.classpath.Module$ModuleAlias                            : loaded 2 times (x 72B)
Class org.gradle.internal.classloader.VisitableURLClassLoader                         : loaded 2 times (x 118B)
Class org.gradle.internal.Cast                                                        : loaded 2 times (x 73B)
Class org.gradle.api.Action                                                           : loaded 2 times (x 72B)
Class org.gradle.internal.classpath.DefaultClassPath$ImmutableUniqueList$Builder      : loaded 2 times (x 77B)
Class org.gradle.api.GradleException                                                  : loaded 2 times (x 84B)
Class org.gradle.internal.IoActions                                                   : loaded 2 times (x 73B)
Class org.gradle.internal.installation.CurrentGradleInstallationLocator               : loaded 2 times (x 73B)
Class org.gradle.internal.service.DefaultServiceLocator                               : loaded 2 times (x 85B)
Class org.gradle.internal.installation.CurrentGradleInstallation                      : loaded 2 times (x 75B)
Class org.gradle.util.internal.GUtil                                                  : loaded 2 times (x 73B)
Class org.gradle.internal.installation.GradleInstallation                             : loaded 2 times (x 77B)

---------------  S Y S T E M  ---------------

OS:
 Windows 11 , 64 bit Build 26100 (10.0.26100.9278)
OS uptime: 0 days 0:30 hours

CPU: total 8 (initial active 8) (4 cores per cpu, 2 threads per core) family 6 model 58 stepping 9 microcode 0x21, cx8, cmov, fxsr, ht, mmx, sse, sse2, sse3, ssse3, sse4.1, sse4.2, popcnt, tsc, tscinvbit, avx, aes, erms, clmul, vzeroupper, clflush, rdtscp, f16c
Processor Information for the first 8 processors :
  Max Mhz: 3401, Current Mhz: 3401, Mhz Limit: 3401

Memory: 4k page, system-wide physical 8116M (166M free)
TotalPageFile size 10164M (AvailPageFile size 44M)
current process WorkingSet (physical memory assigned to process): 464M, peak: 464M
current process commit charge ("private bytes"): 500M, peak: 551M

vm_info: OpenJDK 64-Bit Server VM (25.0.3+-15898627-b508.16) for windows-amd64 JRE (25.0.3+-15898627-b508.16), built on 2026-07-20T17:54:23Z with MS VC++ 16.10 / 16.11 (VS2019)

END.
